*** Using Compiler 'V5.06 update 6 (build 750)', folder: 'D:\MDK526\ARM\ARMCC\Bin'
Build target '_3_MDK_DanceRobot'
assembling startup_stm32f411xe.s...
compiling dma.c...
compiling tim.c...
compiling i2c.c...
compiling stm32f4xx_hal_i2c_ex.c...
compiling SEGGER_RTT_printf.c...
compiling stm32f4xx_it.c...
compiling usart.c...
compiling stm32f4xx_hal_gpio.c...
compiling main.c...
compiling SEGGER_RTT.c...
compiling stm32f4xx_hal_msp.c...
compiling stm32f4xx_hal_flash.c...
compiling stm32f4xx_hal_exti.c...
compiling stm32f4xx_hal_iwdg.c...
compiling stm32f4xx_hal_pwr_ex.c...
compiling iwdg.c...
compiling stm32f4xx_hal_flash_ramfunc.c...
compiling gpio.c...
compiling stm32f4xx_hal_pwr.c...
compiling stm32f4xx_hal_dma_ex.c...
compiling stm32f4xx_hal_flash_ex.c...
compiling stm32f4xx_hal_rcc.c...
compiling system_stm32f4xx.c...
compiling stm32f4xx_hal.c...
compiling stm32f4xx_hal_cortex.c...
compiling stm32f4xx_hal_rcc_ex.c...
compiling Circular_dance.c...
compiling Single_action.c...
compiling Task.c...
compiling LX-16A.c...
compiling mpu6050_dmp.c...
compiling stm32f4xx_hal_dma.c...
compiling inv_mpu.c...
compiling stm32f4xx_hal_tim_ex.c...
compiling stm32f4xx_hal_uart.c...
compiling inv_mpu_dmp_motion_driver.c...
compiling stm32f4xx_hal_i2c.c...
compiling stm32f4xx_hal_tim.c...
linking...
Program Size: Code=33424 RO-data=4876 RW-data=204 ZI-data=5444  
FromELF: creating hex file...
"_3_MDK_DanceRobot\_3_MDK_DanceRobot.axf" - 0 Error(s), 0 Warning(s).
Build Time Elapsed:  00:00:04
