Component: ARM Compiler 5.06 update 6 (build 750) Tool: armlink [4d35ed]

==============================================================================

Section Cross References

    startup_stm32f411xe.o(STACK) refers (Special) to heapauxi.o(.text) for __use_two_region_memory
    startup_stm32f411xe.o(HEAP) refers (Special) to heapauxi.o(.text) for __use_two_region_memory
    startup_stm32f411xe.o(RESET) refers (Special) to heapauxi.o(.text) for __use_two_region_memory
    startup_stm32f411xe.o(RESET) refers to startup_stm32f411xe.o(STACK) for __initial_sp
    startup_stm32f411xe.o(RESET) refers to startup_stm32f411xe.o(.text) for Reset_Handler
    startup_stm32f411xe.o(RESET) refers to stm32f4xx_it.o(i.NMI_Handler) for NMI_Handler
    startup_stm32f411xe.o(RESET) refers to stm32f4xx_it.o(i.HardFault_Handler) for HardFault_Handler
    startup_stm32f411xe.o(RESET) refers to stm32f4xx_it.o(i.MemManage_Handler) for MemManage_Handler
    startup_stm32f411xe.o(RESET) refers to stm32f4xx_it.o(i.BusFault_Handler) for BusFault_Handler
    startup_stm32f411xe.o(RESET) refers to stm32f4xx_it.o(i.UsageFault_Handler) for UsageFault_Handler
    startup_stm32f411xe.o(RESET) refers to stm32f4xx_it.o(i.SVC_Handler) for SVC_Handler
    startup_stm32f411xe.o(RESET) refers to stm32f4xx_it.o(i.DebugMon_Handler) for DebugMon_Handler
    startup_stm32f411xe.o(RESET) refers to stm32f4xx_it.o(i.PendSV_Handler) for PendSV_Handler
    startup_stm32f411xe.o(RESET) refers to stm32f4xx_it.o(i.SysTick_Handler) for SysTick_Handler
    startup_stm32f411xe.o(RESET) refers to stm32f4xx_it.o(i.TIM1_UP_TIM10_IRQHandler) for TIM1_UP_TIM10_IRQHandler
    startup_stm32f411xe.o(RESET) refers to stm32f4xx_it.o(i.TIM1_TRG_COM_TIM11_IRQHandler) for TIM1_TRG_COM_TIM11_IRQHandler
    startup_stm32f411xe.o(RESET) refers to stm32f4xx_it.o(i.TIM4_IRQHandler) for TIM4_IRQHandler
    startup_stm32f411xe.o(RESET) refers to stm32f4xx_it.o(i.USART1_IRQHandler) for USART1_IRQHandler
    startup_stm32f411xe.o(RESET) refers to stm32f4xx_it.o(i.EXTI15_10_IRQHandler) for EXTI15_10_IRQHandler
    startup_stm32f411xe.o(RESET) refers to stm32f4xx_it.o(i.TIM5_IRQHandler) for TIM5_IRQHandler
    startup_stm32f411xe.o(RESET) refers to stm32f4xx_it.o(i.DMA2_Stream1_IRQHandler) for DMA2_Stream1_IRQHandler
    startup_stm32f411xe.o(RESET) refers to stm32f4xx_it.o(i.DMA2_Stream2_IRQHandler) for DMA2_Stream2_IRQHandler
    startup_stm32f411xe.o(RESET) refers to stm32f4xx_it.o(i.DMA2_Stream6_IRQHandler) for DMA2_Stream6_IRQHandler
    startup_stm32f411xe.o(RESET) refers to stm32f4xx_it.o(i.DMA2_Stream7_IRQHandler) for DMA2_Stream7_IRQHandler
    startup_stm32f411xe.o(RESET) refers to stm32f4xx_it.o(i.USART6_IRQHandler) for USART6_IRQHandler
    startup_stm32f411xe.o(.text) refers (Special) to heapauxi.o(.text) for __use_two_region_memory
    startup_stm32f411xe.o(.text) refers to system_stm32f4xx.o(i.SystemInit) for SystemInit
    startup_stm32f411xe.o(.text) refers to __main.o(!!!main) for __main
    startup_stm32f411xe.o(.text) refers to startup_stm32f411xe.o(HEAP) for Heap_Mem
    startup_stm32f411xe.o(.text) refers to startup_stm32f411xe.o(STACK) for Stack_Mem
    main.o(i.HAL_GPIO_EXTI_Callback) refers to main.o(.data) for flag
    main.o(i.HAL_TIM_PeriodElapsedCallback) refers to stm32f4xx_hal_gpio.o(i.HAL_GPIO_ReadPin) for HAL_GPIO_ReadPin
    main.o(i.HAL_TIM_PeriodElapsedCallback) refers to stm32f4xx_hal_gpio.o(i.HAL_GPIO_TogglePin) for HAL_GPIO_TogglePin
    main.o(i.HAL_TIM_PeriodElapsedCallback) refers to segger_rtt_printf.o(i.SEGGER_RTT_printf) for SEGGER_RTT_printf
    main.o(i.HAL_TIM_PeriodElapsedCallback) refers to main.o(.data) for key_state
    main.o(i.HAL_UARTEx_RxEventCallback) refers to stm32f4xx_hal_uart.o(i.HAL_UARTEx_ReceiveToIdle_DMA) for HAL_UARTEx_ReceiveToIdle_DMA
    main.o(i.HAL_UARTEx_RxEventCallback) refers to main.o(.bss) for uart6_rx_buf
    main.o(i.HAL_UARTEx_RxEventCallback) refers to main.o(.data) for flag
    main.o(i.HAL_UART_TxCpltCallback) refers to lx-16a.o(i.Fifo_Read) for Fifo_Read
    main.o(i.HAL_UART_TxCpltCallback) refers to stm32f4xx_hal_uart.o(i.HAL_UART_Transmit_DMA) for HAL_UART_Transmit_DMA
    main.o(i.HAL_UART_TxCpltCallback) refers to lx-16a.o(.bss) for fifo_packet
    main.o(i.HAL_UART_TxCpltCallback) refers to main.o(.bss) for huart1
    main.o(i.MX_DMA_Init) refers to stm32f4xx_hal_cortex.o(i.HAL_NVIC_SetPriority) for HAL_NVIC_SetPriority
    main.o(i.MX_DMA_Init) refers to stm32f4xx_hal_cortex.o(i.HAL_NVIC_EnableIRQ) for HAL_NVIC_EnableIRQ
    main.o(i.MX_GPIO_Init) refers to rt_memclr_w.o(.text) for __aeabi_memclr4
    main.o(i.MX_GPIO_Init) refers to stm32f4xx_hal_gpio.o(i.HAL_GPIO_WritePin) for HAL_GPIO_WritePin
    main.o(i.MX_GPIO_Init) refers to stm32f4xx_hal_gpio.o(i.HAL_GPIO_Init) for HAL_GPIO_Init
    main.o(i.MX_GPIO_Init) refers to stm32f4xx_hal_cortex.o(i.HAL_NVIC_SetPriority) for HAL_NVIC_SetPriority
[...]
    UART_DMAAbortOnError                     0x080040ed   Thumb Code    18  stm32f4xx_hal_uart.o(i.UART_DMAAbortOnError)
    i.UART_DMAError                          0x080040fe   Section        0  stm32f4xx_hal_uart.o(i.UART_DMAError)
    UART_DMAError                            0x080040ff   Thumb Code    80  stm32f4xx_hal_uart.o(i.UART_DMAError)
    i.UART_DMAReceiveCplt                    0x0800414e   Section        0  stm32f4xx_hal_uart.o(i.UART_DMAReceiveCplt)
    UART_DMAReceiveCplt                      0x0800414f   Thumb Code   180  stm32f4xx_hal_uart.o(i.UART_DMAReceiveCplt)
    i.UART_DMARxHalfCplt                     0x08004202   Section        0  stm32f4xx_hal_uart.o(i.UART_DMARxHalfCplt)
    UART_DMARxHalfCplt                       0x08004203   Thumb Code    36  stm32f4xx_hal_uart.o(i.UART_DMARxHalfCplt)
    i.UART_DMATransmitCplt                   0x08004226   Section        0  stm32f4xx_hal_uart.o(i.UART_DMATransmitCplt)
    UART_DMATransmitCplt                     0x08004227   Thumb Code    88  stm32f4xx_hal_uart.o(i.UART_DMATransmitCplt)
    i.UART_DMATxHalfCplt                     0x0800427e   Section        0  stm32f4xx_hal_uart.o(i.UART_DMATxHalfCplt)
    UART_DMATxHalfCplt                       0x0800427f   Thumb Code    14  stm32f4xx_hal_uart.o(i.UART_DMATxHalfCplt)
    i.UART_EndRxTransfer                     0x0800428c   Section        0  stm32f4xx_hal_uart.o(i.UART_EndRxTransfer)
    UART_EndRxTransfer                       0x0800428d   Thumb Code   108  stm32f4xx_hal_uart.o(i.UART_EndRxTransfer)
    i.UART_EndTransmit_IT                    0x080042f8   Section        0  stm32f4xx_hal_uart.o(i.UART_EndTransmit_IT)
    UART_EndTransmit_IT                      0x080042f9   Thumb Code    32  stm32f4xx_hal_uart.o(i.UART_EndTransmit_IT)
    i.UART_EndTxTransfer                     0x08004318   Section        0  stm32f4xx_hal_uart.o(i.UART_EndTxTransfer)
    UART_EndTxTransfer                       0x08004319   Thumb Code    38  stm32f4xx_hal_uart.o(i.UART_EndTxTransfer)
    i.UART_Receive_IT                        0x0800433e   Section        0  stm32f4xx_hal_uart.o(i.UART_Receive_IT)
    UART_Receive_IT                          0x0800433f   Thumb Code   252  stm32f4xx_hal_uart.o(i.UART_Receive_IT)
    i.UART_SetConfig                         0x0800443c   Section        0  stm32f4xx_hal_uart.o(i.UART_SetConfig)
    UART_SetConfig                           0x0800443d   Thumb Code   546  stm32f4xx_hal_uart.o(i.UART_SetConfig)
    i.UART_Start_Receive_DMA                 0x08004668   Section        0  stm32f4xx_hal_uart.o(i.UART_Start_Receive_DMA)
    i.UART_Transmit_IT                       0x08004740   Section        0  stm32f4xx_hal_uart.o(i.UART_Transmit_IT)
    UART_Transmit_IT                         0x08004741   Thumb Code    96  stm32f4xx_hal_uart.o(i.UART_Transmit_IT)
    i.USART1_IRQHandler                      0x080047a0   Section        0  stm32f4xx_it.o(i.USART1_IRQHandler)
    i.USART6_IRQHandler                      0x080047b0   Section        0  stm32f4xx_it.o(i.USART6_IRQHandler)
    i.UsageFault_Handler                     0x080047c0   Section        0  stm32f4xx_it.o(i.UsageFault_Handler)
    i._DoInit                                0x080047c4   Section        0  segger_rtt.o(i._DoInit)
    _DoInit                                  0x080047c5   Thumb Code    90  segger_rtt.o(i._DoInit)
    i._GetAvailWriteSpace                    0x08004844   Section        0  segger_rtt.o(i._GetAvailWriteSpace)
    _GetAvailWriteSpace                      0x08004845   Thumb Code    28  segger_rtt.o(i._GetAvailWriteSpace)
    i._PrintInt                              0x08004860   Section        0  segger_rtt_printf.o(i._PrintInt)
    _PrintInt                                0x08004861   Thumb Code   236  segger_rtt_printf.o(i._PrintInt)
    i._PrintUnsigned                         0x0800494c   Section        0  segger_rtt_printf.o(i._PrintUnsigned)
    _PrintUnsigned                           0x0800494d   Thumb Code   230  segger_rtt_printf.o(i._PrintUnsigned)
    i._StoreChar                             0x08004a38   Section        0  segger_rtt_printf.o(i._StoreChar)
    _StoreChar                               0x08004a39   Thumb Code    68  segger_rtt_printf.o(i._StoreChar)
    i._WriteBlocking                         0x08004a7c   Section        0  segger_rtt.o(i._WriteBlocking)
    _WriteBlocking                           0x08004a7d   Thumb Code   114  segger_rtt.o(i._WriteBlocking)
    i._WriteNoCheck                          0x08004aee   Section        0  segger_rtt.o(i._WriteNoCheck)
    _WriteNoCheck                            0x08004aef   Thumb Code    76  segger_rtt.o(i._WriteNoCheck)
    i.__ARM_fpclassifyf                      0x08004b3a   Section        0  fpclassifyf.o(i.__ARM_fpclassifyf)
    i.__NVIC_GetPriorityGrouping             0x08004b60   Section        0  stm32f4xx_hal_cortex.o(i.__NVIC_GetPriorityGrouping)
    __NVIC_GetPriorityGrouping               0x08004b61   Thumb Code    10  stm32f4xx_hal_cortex.o(i.__NVIC_GetPriorityGrouping)
    i.__NVIC_SetPriority                     0x08004b70   Section        0  stm32f4xx_hal_cortex.o(i.__NVIC_SetPriority)
    __NVIC_SetPriority                       0x08004b71   Thumb Code    32  stm32f4xx_hal_cortex.o(i.__NVIC_SetPriority)
    i.__hardfp_asinf                         0x08004b98   Section        0  asinf.o(i.__hardfp_asinf)
    i.__hardfp_atan2f                        0x08004cc4   Section        0  atan2f.o(i.__hardfp_atan2f)
    i.__mathlib_flt_infnan                   0x08004f14   Section        0  funder.o(i.__mathlib_flt_infnan)
    i.__mathlib_flt_infnan2                  0x08004f1a   Section        0  funder.o(i.__mathlib_flt_infnan2)
    i.__mathlib_flt_invalid                  0x08004f20   Section        0  funder.o(i.__mathlib_flt_invalid)
    i.__mathlib_flt_underflow                0x08004f30   Section        0  funder.o(i.__mathlib_flt_underflow)
    i.decode_gesture                         0x08004f40   Section        0  inv_mpu_dmp_motion_driver.o(i.decode_gesture)
    decode_gesture                           0x08004f41   Thumb Code    94  inv_mpu_dmp_motion_driver.o(i.decode_gesture)
    i.dmp_enable_6x_lp_quat                  0x08004fa4   Section        0  inv_mpu_dmp_motion_driver.o(i.dmp_enable_6x_lp_quat)
    i.dmp_enable_feature                     0x08004fe0   Section        0  inv_mpu_dmp_motion_driver.o(i.dmp_enable_feature)
    i.dmp_enable_gyro_cal                    0x080051fc   Section        0  inv_mpu_dmp_motion_driver.o(i.dmp_enable_gyro_cal)
    i.dmp_enable_lp_quat                     0x08005254   Section        0  inv_mpu_dmp_motion_driver.o(i.dmp_enable_lp_quat)
    i.dmp_load_motion_driver_firmware        0x08005290   Section        0  inv_mpu_dmp_motion_driver.o(i.dmp_load_motion_driver_firmware)
    i.dmp_read_fifo                          0x080052a8   Section        0  inv_mpu_dmp_motion_driver.o(i.dmp_read_fifo)
    i.dmp_set_fifo_rate                      0x0800547c   Section        0  inv_mpu_dmp_motion_driver.o(i.dmp_set_fifo_rate)
    i.dmp_set_interrupt_mode                 0x080054ec   Section        0  inv_mpu_dmp_motion_driver.o(i.dmp_set_interrupt_mode)
    i.dmp_set_shake_reject_thresh            0x08005548   Section        0  inv_mpu_dmp_motion_driver.o(i.dmp_set_shake_reject_thresh)
    i.dmp_set_shake_reject_time              0x08005580   Section        0  inv_mpu_dmp_motion_driver.o(i.dmp_set_shake_reject_time)
    i.dmp_set_shake_reject_timeout           0x080055a6   Section        0  inv_mpu_dmp_motion_driver.o(i.dmp_set_shake_reject_timeout)
    i.dmp_set_tap_axes                       0x080055cc   Section        0  inv_mpu_dmp_motion_driver.o(i.dmp_set_tap_axes)
    i.dmp_set_tap_count                      0x08005612   Section        0  inv_mpu_dmp_motion_driver.o(i.dmp_set_tap_count)
    i.dmp_set_tap_thresh                     0x08005638   Section        0  inv_mpu_dmp_motion_driver.o(i.dmp_set_tap_thresh)
    i.dmp_set_tap_time                       0x080057f8   Section        0  inv_mpu_dmp_motion_driver.o(i.dmp_set_tap_time)
    i.dmp_set_tap_time_multi                 0x0800581e   Section        0  inv_mpu_dmp_motion_driver.o(i.dmp_set_tap_time_multi)
    i.main                                   0x08005844   Section        0  main.o(i.main)
    i.mpu_configure_fifo                     0x08005b50   Section        0  inv_mpu.o(i.mpu_configure_fifo)
    i.mpu_get_accel_fsr                      0x08005bc0   Section        0  inv_mpu.o(i.mpu_get_accel_fsr)
    i.mpu_init                               0x08005c0c   Section        0  inv_mpu.o(i.mpu_init)
    i.mpu_load_firmware                      0x08005d08   Section        0  inv_mpu.o(i.mpu_load_firmware)
    i.mpu_lp_accel_mode                      0x08005dc0   Section        0  inv_mpu.o(i.mpu_lp_accel_mode)
    i.mpu_read_fifo_stream                   0x08005e94   Section        0  inv_mpu.o(i.mpu_read_fifo_stream)
    i.mpu_read_mem                           0x08005f54   Section        0  inv_mpu.o(i.mpu_read_mem)
    i.mpu_reset_fifo                         0x08005fd4   Section        0  inv_mpu.o(i.mpu_reset_fifo)
    i.mpu_set_accel_fsr                      0x0800619c   Section        0  inv_mpu.o(i.mpu_set_accel_fsr)
    i.mpu_set_bypass                         0x08006220   Section        0  inv_mpu.o(i.mpu_set_bypass)
    i.mpu_set_dmp_state                      0x0800636c   Section        0  inv_mpu.o(i.mpu_set_dmp_state)
    i.mpu_set_gyro_fsr                       0x080063fc   Section        0  inv_mpu.o(i.mpu_set_gyro_fsr)
    i.mpu_set_int_latched                    0x08006484   Section        0  inv_mpu.o(i.mpu_set_int_latched)
    i.mpu_set_int_level                      0x080064f0   Section        0  inv_mpu.o(i.mpu_set_int_level)
    i.mpu_set_lpf                            0x08006500   Section        0  inv_mpu.o(i.mpu_set_lpf)
    i.mpu_set_sample_rate                    0x08006584   Section        0  inv_mpu.o(i.mpu_set_sample_rate)
    i.mpu_set_sensors                        0x08006620   Section        0  inv_mpu.o(i.mpu_set_sensors)
    i.mpu_write_mem                          0x080066f0   Section        0  inv_mpu.o(i.mpu_write_mem)
    i.set_int_enable                         0x08006770   Section        0  inv_mpu.o(i.set_int_enable)
    set_int_enable                           0x08006771   Thumb Code   138  inv_mpu.o(i.set_int_enable)
    i.sqrtf                                  0x08006800   Section        0  sqrtf.o(i.sqrtf)
    x$fpl$fpinit                             0x0800683e   Section       10  fpinit.o(x$fpl$fpinit)
    $v0                                      0x0800683e   Number         0  fpinit.o(x$fpl$fpinit)
    .constdata                               0x08006848   Section        8  stm32f4xx_hal_dma.o(.constdata)
    x$fpl$usenofp                            0x08006848   Section        0  usenofp.o(x$fpl$usenofp)
    flagBitshiftOffset                       0x08006848   Data           8  stm32f4xx_hal_dma.o(.constdata)
    .constdata                               0x08006850   Section       24  system_stm32f4xx.o(.constdata)
    .constdata                               0x08006868   Section       16  segger_rtt_printf.o(.constdata)
    _aV2C                                    0x08006868   Data          16  segger_rtt_printf.o(.constdata)
    .constdata                               0x08006878   Section       84  inv_mpu.o(.constdata)
    .constdata                               0x080068cc   Section     3062  inv_mpu_dmp_motion_driver.o(.constdata)
    dmp_memory                               0x080068cc   Data        3062  inv_mpu_dmp_motion_driver.o(.constdata)
    .constdata                               0x080074c4   Section     1092  single_action.o(.constdata)
    Left_Hand_Up_Data                        0x08007530   Data           6  single_action.o(.constdata)
    Left_Hand_Down_Data                      0x08007536   Data           6  single_action.o(.constdata)
    Right_Hand_Up_Data                       0x0800753c   Data           6  single_action.o(.constdata)
    Right_Hand_Down_Data                     0x08007542   Data           6  single_action.o(.constdata)
    Left_Step_Forward_Data                   0x08007548   Data           6  single_action.o(.constdata)
    Right_Step_Forward_Data                  0x0800754e   Data           6  single_action.o(.constdata)
    Left_Step_Backward_Data                  0x08007554   Data           6  single_action.o(.constdata)
    Right_Step_Backward_Data                 0x0800755a   Data           6  single_action.o(.constdata)
    Left_MoveAside_Data                      0x08007560   Data           6  single_action.o(.constdata)
    Right_MoveAside_Data                     0x08007566   Data           6  single_action.o(.constdata)
    Left_Turn_Data                           0x0800756c   Data           6  single_action.o(.constdata)
    Right_Turn_Data                          0x08007572   Data           6  single_action.o(.constdata)
    Stand_WithLeft_Data                      0x08007578   Data           6  single_action.o(.constdata)
    Stand_WithRight_Data                     0x0800757e   Data           6  single_action.o(.constdata)
    Stand_LikeDaZi_Data                      0x08007584   Data           6  single_action.o(.constdata)
    Stand_LikeGongJian_Data                  0x0800758a   Data           6  single_action.o(.constdata)
    Squat_Data                               0x08007590   Data           6  single_action.o(.constdata)
    action                                   0x08007598   Data         880  single_action.o(.constdata)
    .constdata                               0x08007908   Section        1  task.o(.constdata)
    .data                                    0x20000000   Section       24  main.o(.data)
    .data                                    0x20000018   Section        9  stm32f4xx_hal.o(.data)
    .data                                    0x20000024   Section        4  system_stm32f4xx.o(.data)
    .data                                    0x20000028   Section       44  inv_mpu.o(.data)
    st                                       0x20000028   Data          44  inv_mpu.o(.data)
    .data                                    0x20000054   Section      105  task.o(.data)
    state                                    0x200000b4   Data           1  task.o(.data)
    member                                   0x200000b5   Data           1  task.o(.data)
    step_last_time                           0x200000b8   Data           4  task.o(.data)
    action_count                             0x200000bc   Data           1  task.o(.data)
    .bss                                     0x200000c0   Section     1006  main.o(.bss)
    .bss                                     0x200004b0   Section     2328  segger_rtt.o(.bss)
    _acUpBuffer                              0x200005b8   Data        2048  segger_rtt.o(.bss)
    _acDownBuffer                            0x20000db8   Data          16  segger_rtt.o(.bss)
    .bss                                     0x20000dc8   Section       16  inv_mpu_dmp_motion_driver.o(.bss)
    dmp                                      0x20000dc8   Data          16  inv_mpu_dmp_motion_driver.o(.bss)
    .bss                                     0x20000dd8   Section      212  lx-16a.o(.bss)
    .bss                                     0x20000eac   Section       96  libspace.o(.bss)
    HEAP                                     0x20000f10   Section      512  startup_stm32f411xe.o(HEAP)
    Heap_Mem                                 0x20000f10   Data         512  startup_stm32f411xe.o(HEAP)
    STACK                                    0x20001110   Section     1024  startup_stm32f411xe.o(STACK)
    Stack_Mem                                0x20001110   Data        1024  startup_stm32f411xe.o(STACK)
    __initial_sp                             0x20001510   Data           0  startup_stm32f411xe.o(STACK)

    Global Symbols

    Symbol Name                              Value     Ov Type        Size  Object(Section)

    BuildAttributes$$THM_ISAv4$E$P$D$K$B$S$7EM$VFPi3$EXTD16$VFPS$VFMA$PE$A:L22UL41UL21$X:L11$S22US41US21$IEEE1$IW$USESV6$~STKCKD$USESV7$~SHL$OTIME$ROPI$IEEEX$EBA8$UX$STANDARDLIB$REQ8$PRES8$EABIv2 0x00000000   Number         0  anon$$obj.o ABSOLUTE
    __ARM_use_no_argv                        0x00000000   Number         0  main.o ABSOLUTE
    __ARM_exceptions_init                     - Undefined Weak Reference
    __alloca_initialize                       - Undefined Weak Reference
    __arm_preinit_                            - Undefined Weak Reference
    __cpp_initialize__aeabi_                  - Undefined Weak Reference
    __cxa_finalize                            - Undefined Weak Reference
    __rt_locale                               - Undefined Weak Reference
    __sigvec_lookup                           - Undefined Weak Reference
    _atexit_init                              - Undefined Weak Reference
    _call_atexit_fns                          - Undefined Weak Reference
    _clock_init                               - Undefined Weak Reference
    _fp_trap_init                             - Undefined Weak Reference
    _fp_trap_shutdown                         - Undefined Weak Reference
    _get_lc_collate                           - Undefined Weak Reference
    _get_lc_ctype                             - Undefined Weak Reference
    _get_lc_monetary                          - Undefined Weak Reference
    _get_lc_numeric                           - Undefined Weak Reference
    _get_lc_time                              - Undefined Weak Reference
    _getenv_init                              - Undefined Weak Reference
    _handle_redirection                       - Undefined Weak Reference
    _init_alloc                               - Undefined Weak Reference
    _init_user_alloc                          - Undefined Weak Reference
    _initio                                   - Undefined Weak Reference
    _rand_init                                - Undefined Weak Reference
    _signal_finish                            - Undefined Weak Reference
    _signal_init                              - Undefined Weak Reference
    _terminate_alloc                          - Undefined Weak Reference
    _terminate_user_alloc                     - Undefined Weak Reference
    _terminateio                              - Undefined Weak Reference
    __Vectors_Size                           0x00000198   Number         0  startup_stm32f411xe.o ABSOLUTE
    __Vectors                                0x08000000   Data           4  startup_stm32f411xe.o(RESET)
    __Vectors_End                            0x08000198   Data           0  startup_stm32f411xe.o(RESET)
    __main                                   0x08000199   Thumb Code     8  __main.o(!!!main)
    __scatterload                            0x080001a1   Thumb Code     0  __scatter.o(!!!scatter)
    __scatterload_rt2                        0x080001a1   Thumb Code    44  __scatter.o(!!!scatter)
    __scatterload_rt2_thumb_only             0x080001a1   Thumb Code     0  __scatter.o(!!!scatter)
    __scatterload_null                       0x080001af   Thumb Code     0  __scatter.o(!!!scatter)
    __scatterload_copy                       0x080001d5   Thumb Code    26  __scatter_copy.o(!!handler_copy)
    __scatterload_zeroinit                   0x080001f1   Thumb Code    28  __scatter_zi.o(!!handler_zi)
    __rt_lib_init                            0x0800020d   Thumb Code     0  libinit.o(.ARM.Collect$$libinit$$00000000)
    __rt_lib_init_fp_1                       0x0800020f   Thumb Code     0  libinit2.o(.ARM.Collect$$libinit$$00000001)
    __rt_lib_init_alloca_1                   0x08000213   Thumb Code     0  libinit2.o(.ARM.Collect$$libinit$$0000002E)
    __rt_lib_init_argv_1                     0x08000213   Thumb Code     0  libinit2.o(.ARM.Collect$$libinit$$0000002C)
    __rt_lib_init_atexit_1                   0x08000213   Thumb Code     0  libinit2.o(.ARM.Collect$$libinit$$0000001B)
    __rt_lib_init_clock_1                    0x08000213   Thumb Code     0  libinit2.o(.ARM.Collect$$libinit$$00000021)
    __rt_lib_init_cpp_1                      0x08000213   Thumb Code     0  libinit2.o(.ARM.Collect$$libinit$$00000032)
    __rt_lib_init_exceptions_1               0x08000213   Thumb Code     0  libinit2.o(.ARM.Collect$$libinit$$00000030)
    __rt_lib_init_fp_trap_1                  0x08000213   Thumb Code     0  libinit2.o(.ARM.Collect$$libinit$$0000001F)
    __rt_lib_init_getenv_1                   0x08000213   Thumb Code     0  libinit2.o(.ARM.Collect$$libinit$$00000023)
    __rt_lib_init_heap_1                     0x08000213   Thumb Code     0  libinit2.o(.ARM.Collect$$libinit$$0000000A)
    __rt_lib_init_lc_collate_1               0x08000213   Thumb Code     0  libinit2.o(.ARM.Collect$$libinit$$00000011)
    __rt_lib_init_lc_ctype_1                 0x08000213   Thumb Code     0  libinit2.o(.ARM.Collect$$libinit$$00000013)
    __rt_lib_init_lc_monetary_1              0x08000213   Thumb Code     0  libinit2.o(.ARM.Collect$$libinit$$00000015)
    __rt_lib_init_lc_numeric_1               0x08000213   Thumb Code     0  libinit2.o(.ARM.Collect$$libinit$$00000017)
    __rt_lib_init_lc_time_1                  0x08000213   Thumb Code     0  libinit2.o(.ARM.Collect$$libinit$$00000019)
    __rt_lib_init_preinit_1                  0x08000213   Thumb Code     0  libinit2.o(.ARM.Collect$$libinit$$00000004)
    __rt_lib_init_rand_1                     0x08000213   Thumb Code     0  libinit2.o(.ARM.Collect$$libinit$$0000000E)
    __rt_lib_init_return                     0x08000213   Thumb Code     0  libinit2.o(.ARM.Collect$$libinit$$00000033)
    __rt_lib_init_signal_1                   0x08000213   Thumb Code     0  libinit2.o(.ARM.Collect$$libinit$$0000001D)
    __rt_lib_init_stdio_1                    0x08000213   Thumb Code     0  libinit2.o(.ARM.Collect$$libinit$$00000025)
    __rt_lib_init_user_alloc_1               0x08000213   Thumb Code     0  libinit2.o(.ARM.Collect$$libinit$$0000000C)
    __rt_lib_shutdown                        0x08000215   Thumb Code     0  libshutdown.o(.ARM.Collect$$libshutdown$$00000000)
    __rt_lib_shutdown_cpp_1                  0x08000217   Thumb Code     0  libshutdown2.o(.ARM.Collect$$libshutdown$$00000002)
    __rt_lib_shutdown_fp_trap_1              0x08000217   Thumb Code     0  libshutdown2.o(.ARM.Collect$$libshutdown$$00000007)
    __rt_lib_shutdown_heap_1                 0x08000217   Thumb Code     0  libshutdown2.o(.ARM.Collect$$libshutdown$$0000000F)
    __rt_lib_shutdown_return                 0x08000217   Thumb Code     0  libshutdown2.o(.ARM.Collect$$libshutdown$$00000010)
    __rt_lib_shutdown_signal_1               0x08000217   Thumb Code     0  libshutdown2.o(.ARM.Collect$$libshutdown$$0000000A)
    __rt_lib_shutdown_stdio_1                0x08000217   Thumb Code     0  libshutdown2.o(.ARM.Collect$$libshutdown$$00000004)
    __rt_lib_shutdown_user_alloc_1           0x08000217   Thumb Code     0  libshutdown2.o(.ARM.Collect$$libshutdown$$0000000C)
    __rt_entry                               0x08000219   Thumb Code     0  __rtentry.o(.ARM.Collect$$rtentry$$00000000)
    __rt_entry_presh_1                       0x08000219   Thumb Code     0  __rtentry2.o(.ARM.Collect$$rtentry$$00000002)
    __rt_entry_sh                            0x08000219   Thumb Code     0  __rtentry4.o(.ARM.Collect$$rtentry$$00000004)
    __rt_entry_li                            0x0800021f   Thumb Code     0  __rtentry2.o(.ARM.Collect$$rtentry$$0000000A)
    __rt_entry_postsh_1                      0x0800021f   Thumb Code     0  __rtentry2.o(.ARM.Collect$$rtentry$$00000009)
    __rt_entry_main                          0x08000223   Thumb Code     0  __rtentry2.o(.ARM.Collect$$rtentry$$0000000D)
    __rt_entry_postli_1                      0x08000223   Thumb Code     0  __rtentry2.o(.ARM.Collect$$rtentry$$0000000C)
    __rt_exit                                0x0800022b   Thumb Code     0  rtexit.o(.ARM.Collect$$rtexit$$00000000)
    __rt_exit_ls                             0x0800022d   Thumb Code     0  rtexit2.o(.ARM.Collect$$rtexit$$00000003)
    __rt_exit_prels_1                        0x0800022d   Thumb Code     0  rtexit2.o(.ARM.Collect$$rtexit$$00000002)
    __rt_exit_exit                           0x08000231   Thumb Code     0  rtexit2.o(.ARM.Collect$$rtexit$$00000004)
    Reset_Handler                            0x08000239   Thumb Code     8  startup_stm32f411xe.o(.text)
    ADC_IRQHandler                           0x08000253   Thumb Code     0  startup_stm32f411xe.o(.text)
    DMA1_Stream0_IRQHandler                  0x08000253   Thumb Code     0  startup_stm32f411xe.o(.text)
    DMA1_Stream1_IRQHandler                  0x08000253   Thumb Code     0  startup_stm32f411xe.o(.text)
    DMA1_Stream2_IRQHandler                  0x08000253   Thumb Code     0  startup_stm32f411xe.o(.text)
    DMA1_Stream3_IRQHandler                  0x08000253   Thumb Code     0  startup_stm32f411xe.o(.text)
    DMA1_Stream4_IRQHandler                  0x08000253   Thumb Code     0  startup_stm32f411xe.o(.text)
    DMA1_Stream5_IRQHandler                  0x08000253   Thumb Code     0  startup_stm32f411xe.o(.text)
    DMA1_Stream6_IRQHandler                  0x08000253   Thumb Code     0  startup_stm32f411xe.o(.text)
    DMA1_Stream7_IRQHandler                  0x08000253   Thumb Code     0  startup_stm32f411xe.o(.text)
    DMA2_Stream0_IRQHandler                  0x08000253   Thumb Code     0  startup_stm32f411xe.o(.text)
    DMA2_Stream3_IRQHandler                  0x08000253   Thumb Code     0  startup_stm32f411xe.o(.text)
    DMA2_Stream4_IRQHandler                  0x08000253   Thumb Code     0  startup_stm32f411xe.o(.text)
    DMA2_Stream5_IRQHandler                  0x08000253   Thumb Code     0  startup_stm32f411xe.o(.text)
    EXTI0_IRQHandler                         0x08000253   Thumb Code     0  startup_stm32f411xe.o(.text)
    EXTI1_IRQHandler                         0x08000253   Thumb Code     0  startup_stm32f411xe.o(.text)
    EXTI2_IRQHandler                         0x08000253   Thumb Code     0  startup_stm32f411xe.o(.text)
    EXTI3_IRQHandler                         0x08000253   Thumb Code     0  startup_stm32f411xe.o(.text)
    EXTI4_IRQHandler                         0x08000253   Thumb Code     0  startup_stm32f411xe.o(.text)
    EXTI9_5_IRQHandler                       0x08000253   Thumb Code     0  startup_stm32f411xe.o(.text)
    FLASH_IRQHandler                         0x08000253   Thumb Code     0  startup_stm32f411xe.o(.text)
    FPU_IRQHandler                           0x08000253   Thumb Code     0  startup_stm32f411xe.o(.text)
    I2C1_ER_IRQHandler                       0x08000253   Thumb Code     0  startup_stm32f411xe.o(.text)
    I2C1_EV_IRQHandler                       0x08000253   Thumb Code     0  startup_stm32f411xe.o(.text)
    I2C2_ER_IRQHandler                       0x08000253   Thumb Code     0  startup_stm32f411xe.o(.text)
    I2C2_EV_IRQHandler                       0x08000253   Thumb Code     0  startup_stm32f411xe.o(.text)
    I2C3_ER_IRQHandler                       0x08000253   Thumb Code     0  startup_stm32f411xe.o(.text)
    I2C3_EV_IRQHandler                       0x08000253   Thumb Code     0  startup_stm32f411xe.o(.text)
    OTG_FS_IRQHandler                        0x08000253   Thumb Code     0  startup_stm32f411xe.o(.text)
    OTG_FS_WKUP_IRQHandler                   0x08000253   Thumb Code     0  startup_stm32f411xe.o(.text)
    PVD_IRQHandler                           0x08000253   Thumb Code     0  startup_stm32f411xe.o(.text)
    RCC_IRQHandler                           0x08000253   Thumb Code     0  startup_stm32f411xe.o(.text)
    RTC_Alarm_IRQHandler                     0x08000253   Thumb Code     0  startup_stm32f411xe.o(.text)
    RTC_WKUP_IRQHandler                      0x08000253   Thumb Code     0  startup_stm32f411xe.o(.text)
    SDIO_IRQHandler                          0x08000253   Thumb Code     0  startup_stm32f411xe.o(.text)
    SPI1_IRQHandler                          0x08000253   Thumb Code     0  startup_stm32f411xe.o(.text)
    SPI2_IRQHandler                          0x08000253   Thumb Code     0  startup_stm32f411xe.o(.text)
    SPI3_IRQHandler                          0x08000253   Thumb Code     0  startup_stm32f411xe.o(.text)
    SPI4_IRQHandler                          0x08000253   Thumb Code     0  startup_stm32f411xe.o(.text)
    SPI5_IRQHandler                          0x08000253   Thumb Code     0  startup_stm32f411xe.o(.text)
    TAMP_STAMP_IRQHandler                    0x08000253   Thumb Code     0  startup_stm32f411xe.o(.text)
    TIM1_BRK_TIM9_IRQHandler                 0x08000253   Thumb Code     0  startup_stm32f411xe.o(.text)
    TIM1_CC_IRQHandler                       0x08000253   Thumb Code     0  startup_stm32f411xe.o(.text)
    TIM2_IRQHandler                          0x08000253   Thumb Code     0  startup_stm32f411xe.o(.text)
    TIM3_IRQHandler                          0x08000253   Thumb Code     0  startup_stm32f411xe.o(.text)
    USART2_IRQHandler                        0x08000253   Thumb Code     0  startup_stm32f411xe.o(.text)
    WWDG_IRQHandler                          0x08000253   Thumb Code     0  startup_stm32f411xe.o(.text)
    __user_initial_stackheap                 0x08000255   Thumb Code     0  startup_stm32f411xe.o(.text)
    __aeabi_uldivmod                         0x08000279   Thumb Code     0  lludivv7m.o(.text)
    _ll_udiv                                 0x08000279   Thumb Code   238  lludivv7m.o(.text)
    memcmp                                   0x08000367   Thumb Code    88  memcmp.o(.text)
    strcpy                                   0x080003bf   Thumb Code    72  strcpy.o(.text)
    __aeabi_memcpy                           0x08000407   Thumb Code     0  rt_memcpy_v6.o(.text)
    __rt_memcpy                              0x08000407   Thumb Code   138  rt_memcpy_v6.o(.text)
    _memcpy_lastbytes                        0x0800046d   Thumb Code     0  rt_memcpy_v6.o(.text)
    __aeabi_memset                           0x08000491   Thumb Code    16  aeabi_memset.o(.text)
    __aeabi_memclr                           0x080004a1   Thumb Code     0  rt_memclr.o(.text)
    __rt_memclr                              0x080004a1   Thumb Code    68  rt_memclr.o(.text)
    _memset                                  0x080004a5   Thumb Code     0  rt_memclr.o(.text)
    __aeabi_memclr4                          0x080004e5   Thumb Code     0  rt_memclr_w.o(.text)
    __aeabi_memclr8                          0x080004e5   Thumb Code     0  rt_memclr_w.o(.text)
    __rt_memclr_w                            0x080004e5   Thumb Code    78  rt_memclr_w.o(.text)
    _memset_w                                0x080004e9   Thumb Code     0  rt_memclr_w.o(.text)
    strcmp                                   0x08000535   Thumb Code   128  strcmpv7m.o(.text)
    __use_two_region_memory                  0x080005b5   Thumb Code     2  heapauxi.o(.text)
    __rt_heap_escrow$2region                 0x080005b7   Thumb Code     2  heapauxi.o(.text)
    __rt_heap_expand$2region                 0x080005b9   Thumb Code     2  heapauxi.o(.text)
    __read_errno                             0x080005bb   Thumb Code    10  _rserrno.o(.text)
    __set_errno                              0x080005c5   Thumb Code    12  _rserrno.o(.text)
    __aeabi_memcpy4                          0x080005d1   Thumb Code     0  rt_memcpy_w.o(.text)
    __aeabi_memcpy8                          0x080005d1   Thumb Code     0  rt_memcpy_w.o(.text)
    __rt_memcpy_w                            0x080005d1   Thumb Code   100  rt_memcpy_w.o(.text)
    _memcpy_lastbytes_aligned                0x08000619   Thumb Code     0  rt_memcpy_w.o(.text)
    __aeabi_errno_addr                       0x08000635   Thumb Code     8  rt_errno_addr_intlibspace.o(.text)
    __errno$intlibspace                      0x08000635   Thumb Code     0  rt_errno_addr_intlibspace.o(.text)
    __rt_errno_addr$intlibspace              0x08000635   Thumb Code     0  rt_errno_addr_intlibspace.o(.text)
    __user_libspace                          0x0800063d   Thumb Code     8  libspace.o(.text)
    __user_perproc_libspace                  0x0800063d   Thumb Code     0  libspace.o(.text)
    __user_perthread_libspace                0x0800063d   Thumb Code     0  libspace.o(.text)
    __user_setup_stackheap                   0x08000645   Thumb Code    74  sys_stackheap_outer.o(.text)
    exit                                     0x0800068f   Thumb Code    18  exit.o(.text)
    _sys_exit                                0x080006a1   Thumb Code     8  sys_exit.o(.text)
    __I$use$semihosting                      0x080006ad   Thumb Code     0  use_no_semi.o(.text)
    __use_no_semihosting_swi                 0x080006ad   Thumb Code     2  use_no_semi.o(.text)
    BusFault_Handler                         0x080006af   Thumb Code     4  stm32f4xx_it.o(i.BusFault_Handler)
    __semihosting_library_function           0x080006af   Thumb Code     0  indicate_semi.o(.text)
    DMA2_Stream1_IRQHandler                  0x080006b5   Thumb Code    10  stm32f4xx_it.o(i.DMA2_Stream1_IRQHandler)
    DMA2_Stream2_IRQHandler                  0x080006c5   Thumb Code    10  stm32f4xx_it.o(i.DMA2_Stream2_IRQHandler)
    DMA2_Stream6_IRQHandler                  0x080006d5   Thumb Code    10  stm32f4xx_it.o(i.DMA2_Stream6_IRQHandler)
    DMA2_Stream7_IRQHandler                  0x080006e5   Thumb Code    10  stm32f4xx_it.o(i.DMA2_Stream7_IRQHandler)
    DebugMon_Handler                         0x080007ff   Thumb Code     2  stm32f4xx_it.o(i.DebugMon_Handler)
    EXTI15_10_IRQHandler                     0x08000801   Thumb Code    12  stm32f4xx_it.o(i.EXTI15_10_IRQHandler)
    Error_Handler                            0x0800080d   Thumb Code     6  main.o(i.Error_Handler)
    Fifo_Read                                0x0800086d   Thumb Code    66  lx-16a.o(i.Fifo_Read)
    Fifo_Write                               0x080008af   Thumb Code    66  lx-16a.o(i.Fifo_Write)
    HAL_DMA_Abort                            0x080008f1   Thumb Code   172  stm32f4xx_hal_dma.o(i.HAL_DMA_Abort)
    HAL_DMA_Abort_IT                         0x0800099d   Thumb Code    40  stm32f4xx_hal_dma.o(i.HAL_DMA_Abort_IT)
    HAL_DMA_IRQHandler                       0x080009c5   Thumb Code   570  stm32f4xx_hal_dma.o(i.HAL_DMA_IRQHandler)
    HAL_DMA_Init                             0x08000c05   Thumb Code   232  stm32f4xx_hal_dma.o(i.HAL_DMA_Init)
    HAL_DMA_Start_IT                         0x08000cf1   Thumb Code   146  stm32f4xx_hal_dma.o(i.HAL_DMA_Start_IT)
    HAL_Delay                                0x08000d85   Thumb Code    36  stm32f4xx_hal.o(i.HAL_Delay)
    HAL_GPIO_EXTI_Callback                   0x08000dad   Thumb Code    14  main.o(i.HAL_GPIO_EXTI_Callback)
    HAL_GPIO_EXTI_IRQHandler                 0x08000dc1   Thumb Code    24  stm32f4xx_hal_gpio.o(i.HAL_GPIO_EXTI_IRQHandler)
    HAL_GPIO_Init                            0x08000ddd   Thumb Code   424  stm32f4xx_hal_gpio.o(i.HAL_GPIO_Init)
    HAL_GPIO_ReadPin                         0x08000fa5   Thumb Code    16  stm32f4xx_hal_gpio.o(i.HAL_GPIO_ReadPin)
    HAL_GPIO_TogglePin                       0x08000fb5   Thumb Code    20  stm32f4xx_hal_gpio.o(i.HAL_GPIO_TogglePin)
    HAL_GPIO_WritePin                        0x08000fc9   Thumb Code    12  stm32f4xx_hal_gpio.o(i.HAL_GPIO_WritePin)
    HAL_GetTick                              0x08000fd5   Thumb Code     6  stm32f4xx_hal.o(i.HAL_GetTick)
    HAL_I2C_Init                             0x08000fe1   Thumb Code   446  stm32f4xx_hal_i2c.o(i.HAL_I2C_Init)
    HAL_I2C_Mem_Read                         0x080011b1   Thumb Code   762  stm32f4xx_hal_i2c.o(i.HAL_I2C_Mem_Read)
    HAL_I2C_Mem_Write                        0x080014b9   Thumb Code   348  stm32f4xx_hal_i2c.o(i.HAL_I2C_Mem_Write)
    HAL_I2C_MspInit                          0x0800161d   Thumb Code   122  stm32f4xx_hal_msp.o(i.HAL_I2C_MspInit)
    HAL_IWDG_Init                            0x080016a5   Thumb Code    98  stm32f4xx_hal_iwdg.o(i.HAL_IWDG_Init)
    HAL_IWDG_Refresh                         0x08001707   Thumb Code    14  stm32f4xx_hal_iwdg.o(i.HAL_IWDG_Refresh)
    HAL_IncTick                              0x08001715   Thumb Code    16  stm32f4xx_hal.o(i.HAL_IncTick)
    HAL_Init                                 0x0800172d   Thumb Code    54  stm32f4xx_hal.o(i.HAL_Init)
    HAL_InitTick                             0x08001769   Thumb Code    64  stm32f4xx_hal.o(i.HAL_InitTick)
    HAL_MspInit                              0x080017b5   Thumb Code    68  stm32f4xx_hal_msp.o(i.HAL_MspInit)
    HAL_NVIC_EnableIRQ                       0x080017fd   Thumb Code    40  stm32f4xx_hal_cortex.o(i.HAL_NVIC_EnableIRQ)
    HAL_NVIC_SetPriority                     0x08001825   Thumb Code   124  stm32f4xx_hal_cortex.o(i.HAL_NVIC_SetPriority)
    HAL_NVIC_SetPriorityGrouping             0x080018a1   Thumb Code    32  stm32f4xx_hal_cortex.o(i.HAL_NVIC_SetPriorityGrouping)
    HAL_RCC_ClockConfig                      0x080018c9   Thumb Code   368  stm32f4xx_hal_rcc.o(i.HAL_RCC_ClockConfig)
    HAL_RCC_GetHCLKFreq                      0x08001a4d   Thumb Code     6  stm32f4xx_hal_rcc.o(i.HAL_RCC_GetHCLKFreq)
    HAL_RCC_GetPCLK1Freq                     0x08001a59   Thumb Code    22  stm32f4xx_hal_rcc.o(i.HAL_RCC_GetPCLK1Freq)
    HAL_RCC_GetPCLK2Freq                     0x08001a79   Thumb Code    22  stm32f4xx_hal_rcc.o(i.HAL_RCC_GetPCLK2Freq)
    HAL_RCC_GetSysClockFreq                  0x08001a99   Thumb Code   162  stm32f4xx_hal_rcc.o(i.HAL_RCC_GetSysClockFreq)
    HAL_RCC_OscConfig                        0x08001b49   Thumb Code  1172  stm32f4xx_hal_rcc.o(i.HAL_RCC_OscConfig)
    HAL_SYSTICK_Config                       0x08001fe5   Thumb Code    52  stm32f4xx_hal_cortex.o(i.HAL_SYSTICK_Config)
    HAL_TIMEx_BreakCallback                  0x08002019   Thumb Code     2  stm32f4xx_hal_tim_ex.o(i.HAL_TIMEx_BreakCallback)
    HAL_TIMEx_CommutCallback                 0x0800201b   Thumb Code     2  stm32f4xx_hal_tim_ex.o(i.HAL_TIMEx_CommutCallback)
    HAL_TIMEx_MasterConfigSynchronization    0x0800201d   Thumb Code   134  stm32f4xx_hal_tim_ex.o(i.HAL_TIMEx_MasterConfigSynchronization)
    HAL_TIM_Base_Init                        0x080020b9   Thumb Code   102  stm32f4xx_hal_tim.o(i.HAL_TIM_Base_Init)
    HAL_TIM_Base_MspInit                     0x08002121   Thumb Code   244  stm32f4xx_hal_msp.o(i.HAL_TIM_Base_MspInit)
    HAL_TIM_Base_Start_IT                    0x08002229   Thumb Code   122  stm32f4xx_hal_tim.o(i.HAL_TIM_Base_Start_IT)
    HAL_TIM_ConfigClockSource                0x080022b9   Thumb Code   268  stm32f4xx_hal_tim.o(i.HAL_TIM_ConfigClockSource)
    HAL_TIM_IC_CaptureCallback               0x080023c5   Thumb Code     2  stm32f4xx_hal_tim.o(i.HAL_TIM_IC_CaptureCallback)
    HAL_TIM_IRQHandler                       0x080023c7   Thumb Code   364  stm32f4xx_hal_tim.o(i.HAL_TIM_IRQHandler)
    HAL_TIM_OC_DelayElapsedCallback          0x08002533   Thumb Code     2  stm32f4xx_hal_tim.o(i.HAL_TIM_OC_DelayElapsedCallback)
    HAL_TIM_PWM_PulseFinishedCallback        0x08002535   Thumb Code     2  stm32f4xx_hal_tim.o(i.HAL_TIM_PWM_PulseFinishedCallback)
    HAL_TIM_PeriodElapsedCallback            0x08002539   Thumb Code    96  main.o(i.HAL_TIM_PeriodElapsedCallback)
    HAL_TIM_TriggerCallback                  0x080025b1   Thumb Code     2  stm32f4xx_hal_tim.o(i.HAL_TIM_TriggerCallback)
    HAL_UARTEx_ReceiveToIdle_DMA             0x080025b3   Thumb Code   112  stm32f4xx_hal_uart.o(i.HAL_UARTEx_ReceiveToIdle_DMA)
    HAL_UARTEx_RxEventCallback               0x08002625   Thumb Code    36  main.o(i.HAL_UARTEx_RxEventCallback)
    HAL_UART_ErrorCallback                   0x08002659   Thumb Code     2  stm32f4xx_hal_uart.o(i.HAL_UART_ErrorCallback)
    HAL_UART_IRQHandler                      0x0800265d   Thumb Code   772  stm32f4xx_hal_uart.o(i.HAL_UART_IRQHandler)
    HAL_UART_Init                            0x08002965   Thumb Code   118  stm32f4xx_hal_uart.o(i.HAL_UART_Init)
    HAL_UART_MspInit                         0x080029dd   Thumb Code   518  stm32f4xx_hal_msp.o(i.HAL_UART_MspInit)
    HAL_UART_RxCpltCallback                  0x08002c09   Thumb Code     2  stm32f4xx_hal_uart.o(i.HAL_UART_RxCpltCallback)
    HAL_UART_RxHalfCpltCallback              0x08002c0b   Thumb Code     2  stm32f4xx_hal_uart.o(i.HAL_UART_RxHalfCpltCallback)
    HAL_UART_Transmit_DMA                    0x08002c0d   Thumb Code   144  stm32f4xx_hal_uart.o(i.HAL_UART_Transmit_DMA)
    HAL_UART_TxCpltCallback                  0x08002ca9   Thumb Code    34  main.o(i.HAL_UART_TxCpltCallback)
    HAL_UART_TxHalfCpltCallback              0x08002cdd   Thumb Code     2  stm32f4xx_hal_uart.o(i.HAL_UART_TxHalfCpltCallback)
    HardFault_Handler                        0x08002cdf   Thumb Code     4  stm32f4xx_it.o(i.HardFault_Handler)
    Left_MoveAside                           0x08003271   Thumb Code    12  single_action.o(i.Left_MoveAside)
    Left_Step_Backward                       0x08003281   Thumb Code    12  single_action.o(i.Left_Step_Backward)
    Left_Step_Forward                        0x08003291   Thumb Code    12  single_action.o(i.Left_Step_Forward)
    MPU6050_DMP_GetEuler                     0x080032a1   Thumb Code   322  mpu6050_dmp.o(i.MPU6050_DMP_GetEuler)
    MPU6050_DMP_GetQuaternion                0x080033f5   Thumb Code    80  mpu6050_dmp.o(i.MPU6050_DMP_GetQuaternion)
    MPU6050_DMP_Init                         0x08003445   Thumb Code    98  mpu6050_dmp.o(i.MPU6050_DMP_Init)
    MemManage_Handler                        0x08003881   Thumb Code     4  stm32f4xx_it.o(i.MemManage_Handler)
    Move_Action                              0x08003885   Thumb Code   278  task.o(i.Move_Action)
    NMI_Handler                              0x080039b1   Thumb Code     4  stm32f4xx_it.o(i.NMI_Handler)
    PendSV_Handler                           0x080039b5   Thumb Code     2  stm32f4xx_it.o(i.PendSV_Handler)
    Reset_Whole                              0x080039b9   Thumb Code    12  single_action.o(i.Reset_Whole)
    Right_MoveAside                          0x080039c9   Thumb Code    12  single_action.o(i.Right_MoveAside)
    Right_Step_Backward                      0x080039d9   Thumb Code    12  single_action.o(i.Right_Step_Backward)
    Right_Step_Forward                       0x080039e9   Thumb Code    12  single_action.o(i.Right_Step_Forward)
    SEGGER_RTT_Init                          0x080039f9   Thumb Code     8  segger_rtt.o(i.SEGGER_RTT_Init)
    SEGGER_RTT_Write                         0x08003a01   Thumb Code    68  segger_rtt.o(i.SEGGER_RTT_Write)
    SEGGER_RTT_WriteNoLock                   0x08003a49   Thumb Code   126  segger_rtt.o(i.SEGGER_RTT_WriteNoLock)
    SEGGER_RTT_printf                        0x08003acd   Thumb Code    34  segger_rtt_printf.o(i.SEGGER_RTT_printf)
    SEGGER_RTT_vprintf                       0x08003aef   Thumb Code   522  segger_rtt_printf.o(i.SEGGER_RTT_vprintf)
    SVC_Handler                              0x08003cf9   Thumb Code     2  stm32f4xx_it.o(i.SVC_Handler)
    Servo_Write                              0x08003cfd   Thumb Code   128  lx-16a.o(i.Servo_Write)
    Single_Action                            0x08003e1d   Thumb Code    98  single_action.o(i.Single_Action)
    SysTick_Handler                          0x08003e85   Thumb Code     8  stm32f4xx_it.o(i.SysTick_Handler)
    SystemClock_Config                       0x08003e8d   Thumb Code   174  main.o(i.SystemClock_Config)
    SystemInit                               0x08003f45   Thumb Code    14  system_stm32f4xx.o(i.SystemInit)
    TIM1_TRG_COM_TIM11_IRQHandler            0x08003f59   Thumb Code    10  stm32f4xx_it.o(i.TIM1_TRG_COM_TIM11_IRQHandler)
    TIM1_UP_TIM10_IRQHandler                 0x08003f69   Thumb Code    10  stm32f4xx_it.o(i.TIM1_UP_TIM10_IRQHandler)
    TIM4_IRQHandler                          0x08003f79   Thumb Code    10  stm32f4xx_it.o(i.TIM4_IRQHandler)
    TIM5_IRQHandler                          0x08003f89   Thumb Code    10  stm32f4xx_it.o(i.TIM5_IRQHandler)
    TIM_Base_SetConfig                       0x08003f99   Thumb Code   142  stm32f4xx_hal_tim.o(i.TIM_Base_SetConfig)
    TIM_ETR_SetConfig                        0x08004045   Thumb Code    22  stm32f4xx_hal_tim.o(i.TIM_ETR_SetConfig)
    Take_Action                              0x080040bb   Thumb Code    50  single_action.o(i.Take_Action)
    UART_Start_Receive_DMA                   0x08004669   Thumb Code   202  stm32f4xx_hal_uart.o(i.UART_Start_Receive_DMA)
    USART1_IRQHandler                        0x080047a1   Thumb Code    10  stm32f4xx_it.o(i.USART1_IRQHandler)
    USART6_IRQHandler                        0x080047b1   Thumb Code    10  stm32f4xx_it.o(i.USART6_IRQHandler)
    UsageFault_Handler                       0x080047c1   Thumb Code     4  stm32f4xx_it.o(i.UsageFault_Handler)
    __ARM_fpclassifyf                        0x08004b3b   Thumb Code    38  fpclassifyf.o(i.__ARM_fpclassifyf)
    __hardfp_asinf                           0x08004b99   Thumb Code   258  asinf.o(i.__hardfp_asinf)
    __hardfp_atan2f                          0x08004cc5   Thumb Code   502  atan2f.o(i.__hardfp_atan2f)
    __mathlib_flt_infnan                     0x08004f15   Thumb Code     6  funder.o(i.__mathlib_flt_infnan)
    __mathlib_flt_infnan2                    0x08004f1b   Thumb Code     6  funder.o(i.__mathlib_flt_infnan2)
    __mathlib_flt_invalid                    0x08004f21   Thumb Code    10  funder.o(i.__mathlib_flt_invalid)
    __mathlib_flt_underflow                  0x08004f31   Thumb Code    10  funder.o(i.__mathlib_flt_underflow)
    dmp_enable_6x_lp_quat                    0x08004fa5   Thumb Code    60  inv_mpu_dmp_motion_driver.o(i.dmp_enable_6x_lp_quat)
    dmp_enable_feature                       0x08004fe1   Thumb Code   530  inv_mpu_dmp_motion_driver.o(i.dmp_enable_feature)
    dmp_enable_gyro_cal                      0x080051fd   Thumb Code    62  inv_mpu_dmp_motion_driver.o(i.dmp_enable_gyro_cal)
    dmp_enable_lp_quat                       0x08005255   Thumb Code    60  inv_mpu_dmp_motion_driver.o(i.dmp_enable_lp_quat)
    dmp_load_motion_driver_firmware          0x08005291   Thumb Code    20  inv_mpu_dmp_motion_driver.o(i.dmp_load_motion_driver_firmware)
    dmp_read_fifo                            0x080052a9   Thumb Code   462  inv_mpu_dmp_motion_driver.o(i.dmp_read_fifo)
    dmp_set_fifo_rate                        0x0800547d   Thumb Code    96  inv_mpu_dmp_motion_driver.o(i.dmp_set_fifo_rate)
    dmp_set_interrupt_mode                   0x080054ed   Thumb Code    66  inv_mpu_dmp_motion_driver.o(i.dmp_set_interrupt_mode)
    dmp_set_shake_reject_thresh              0x08005549   Thumb Code    56  inv_mpu_dmp_motion_driver.o(i.dmp_set_shake_reject_thresh)
    dmp_set_shake_reject_time                0x08005581   Thumb Code    38  inv_mpu_dmp_motion_driver.o(i.dmp_set_shake_reject_time)
    dmp_set_shake_reject_timeout             0x080055a7   Thumb Code    38  inv_mpu_dmp_motion_driver.o(i.dmp_set_shake_reject_timeout)
    dmp_set_tap_axes                         0x080055cd   Thumb Code    70  inv_mpu_dmp_motion_driver.o(i.dmp_set_tap_axes)
    dmp_set_tap_count                        0x08005613   Thumb Code    38  inv_mpu_dmp_motion_driver.o(i.dmp_set_tap_count)
    dmp_set_tap_thresh                       0x08005639   Thumb Code   412  inv_mpu_dmp_motion_driver.o(i.dmp_set_tap_thresh)
    dmp_set_tap_time                         0x080057f9   Thumb Code    38  inv_mpu_dmp_motion_driver.o(i.dmp_set_tap_time)
    dmp_set_tap_time_multi                   0x0800581f   Thumb Code    38  inv_mpu_dmp_motion_driver.o(i.dmp_set_tap_time_multi)
    main                                     0x08005845   Thumb Code   564  main.o(i.main)
    mpu_configure_fifo                       0x08005b51   Thumb Code   106  inv_mpu.o(i.mpu_configure_fifo)
    mpu_get_accel_fsr                        0x08005bc1   Thumb Code    72  inv_mpu.o(i.mpu_get_accel_fsr)
    mpu_init                                 0x08005c0d   Thumb Code   246  inv_mpu.o(i.mpu_init)
    mpu_load_firmware                        0x08005d09   Thumb Code   180  inv_mpu.o(i.mpu_load_firmware)
    mpu_lp_accel_mode                        0x08005dc1   Thumb Code   208  inv_mpu.o(i.mpu_lp_accel_mode)
    mpu_read_fifo_stream                     0x08005e95   Thumb Code   186  inv_mpu.o(i.mpu_read_fifo_stream)
    mpu_read_mem                             0x08005f55   Thumb Code   122  inv_mpu.o(i.mpu_read_mem)
    mpu_reset_fifo                           0x08005fd5   Thumb Code   450  inv_mpu.o(i.mpu_reset_fifo)
    mpu_set_accel_fsr                        0x0800619d   Thumb Code   126  inv_mpu.o(i.mpu_set_accel_fsr)
    mpu_set_bypass                           0x08006221   Thumb Code   328  inv_mpu.o(i.mpu_set_bypass)
    mpu_set_dmp_state                        0x0800636d   Thumb Code   138  inv_mpu.o(i.mpu_set_dmp_state)
    mpu_set_gyro_fsr                         0x080063fd   Thumb Code   132  inv_mpu.o(i.mpu_set_gyro_fsr)
    mpu_set_int_latched                      0x08006485   Thumb Code   102  inv_mpu.o(i.mpu_set_int_latched)
    mpu_set_int_level                        0x080064f1   Thumb Code    12  inv_mpu.o(i.mpu_set_int_level)
    mpu_set_lpf                              0x08006501   Thumb Code   126  inv_mpu.o(i.mpu_set_lpf)
    mpu_set_sample_rate                      0x08006585   Thumb Code   152  inv_mpu.o(i.mpu_set_sample_rate)
    mpu_set_sensors                          0x08006621   Thumb Code   202  inv_mpu.o(i.mpu_set_sensors)
    mpu_write_mem                            0x080066f1   Thumb Code   122  inv_mpu.o(i.mpu_write_mem)
    sqrtf                                    0x08006801   Thumb Code    62  sqrtf.o(i.sqrtf)
    _fp_init                                 0x0800683f   Thumb Code    10  fpinit.o(x$fpl$fpinit)
    __fplib_config_fpu_vfp                   0x08006847   Thumb Code     0  fpinit.o(x$fpl$fpinit)
    __fplib_config_pureend_doubles           0x08006847   Thumb Code     0  fpinit.o(x$fpl$fpinit)
    __I$use$fp                               0x08006848   Number         0  usenofp.o(x$fpl$usenofp)
    AHBPrescTable                            0x08006850   Data          16  system_stm32f4xx.o(.constdata)
    APBPrescTable                            0x08006860   Data           8  system_stm32f4xx.o(.constdata)
    reg                                      0x08006878   Data          30  inv_mpu.o(.constdata)
    hw                                       0x08006896   Data          12  inv_mpu.o(.constdata)
    test                                     0x080068a4   Data          40  inv_mpu.o(.constdata)
    Reset_Whole_Data                         0x080074c4   Data         108  single_action.o(.constdata)
    task_count                               0x08007908   Data           1  task.o(.constdata)
    Region$$Table$$Base                      0x0800790c   Number         0  anon$$obj.o(Region$$Table)
    Region$$Table$$Limit                     0x0800792c   Number         0  anon$$obj.o(Region$$Table)
    key_state                                0x20000000   Data           1  main.o(.data)
    g_mode                                   0x20000001   Data           1  main.o(.data)
    flag                                     0x20000002   Data           6  main.o(.data)
    tick                                     0x20000008   Data           4  main.o(.data)
    pitch                                    0x2000000c   Data           4  main.o(.data)
    roll                                     0x20000010   Data           4  main.o(.data)
    yaw                                      0x20000014   Data           4  main.o(.data)
    uwTick                                   0x20000018   Data           4  stm32f4xx_hal.o(.data)
    uwTickPrio                               0x2000001c   Data           4  stm32f4xx_hal.o(.data)
    uwTickFreq                               0x20000020   Data           1  stm32f4xx_hal.o(.data)
    SystemCoreClock                          0x20000024   Data           4  system_stm32f4xx.o(.data)
    task_table                               0x20000054   Data          16  task.o(.data)
    move_actions                             0x20000064   Data          80  task.o(.data)
    hi2c1                                    0x200000c0   Data          84  main.o(.bss)
    hiwdg                                    0x20000114   Data          12  main.o(.bss)
    htim4                                    0x20000120   Data          72  main.o(.bss)
    htim5                                    0x20000168   Data          72  main.o(.bss)
    htim10                                   0x200001b0   Data          72  main.o(.bss)
    htim11                                   0x200001f8   Data          72  main.o(.bss)
    huart1                                   0x20000240   Data          72  main.o(.bss)
    huart6                                   0x20000288   Data          72  main.o(.bss)
    hdma_usart1_tx                           0x200002d0   Data          96  main.o(.bss)
    hdma_usart1_rx                           0x20000330   Data          96  main.o(.bss)
    hdma_usart6_rx                           0x20000390   Data          96  main.o(.bss)
    hdma_usart6_tx                           0x200003f0   Data          96  main.o(.bss)
    uart1_rx_buf                             0x20000450   Data          64  main.o(.bss)
    uart6_rx_buf                             0x20000490   Data          30  main.o(.bss)
    _SEGGER_RTT                              0x200004b0   Data         264  segger_rtt.o(.bss)
    fifo                                     0x20000dd8   Data         202  lx-16a.o(.bss)
    fifo_packet                              0x20000ea2   Data          10  lx-16a.o(.bss)
    __libspace_start                         0x20000eac   Data          96  libspace.o(.bss)
    __temporary_stack_top$libspace           0x20000f0c   Data           0  libspace.o(.bss)



==============================================================================

Memory Map of the image

  Image Entry point : 0x08000199

  Load Region LR_IROM1 (Base: 0x08000000, Size: 0x000079ec, Max: 0x00080000, ABSOLUTE)

    Execution Region ER_IROM1 (Exec base: 0x08000000, Load base: 0x08000000, Size: 0x0000792c, Max: 0x00080000, ABSOLUTE)

    Exec Addr    Load Addr    Size         Type   Attr      Idx    E Section Name        Object

    0x08000000   0x08000000   0x00000198   Data   RO            3    RESET               startup_stm32f411xe.o
    0x08000198   0x08000198   0x00000008   Code   RO         4686  * !!!main             c_w.l(__main.o)
    0x080001a0   0x080001a0   0x00000034   Code   RO         4935    !!!scatter          c_w.l(__scatter.o)
    0x080001d4   0x080001d4   0x0000001a   Code   RO         4937    !!handler_copy      c_w.l(__scatter_copy.o)
    0x080001ee   0x080001ee   0x00000002   PAD
    0x080001f0   0x080001f0   0x0000001c   Code   RO         4939    !!handler_zi        c_w.l(__scatter_zi.o)
    0x0800020c   0x0800020c   0x00000002   Code   RO         4808    .ARM.Collect$$libinit$$00000000  c_w.l(libinit.o)
    0x0800020e   0x0800020e   0x00000004   Code   RO         4817    .ARM.Collect$$libinit$$00000001  c_w.l(libinit2.o)
    0x08000212   0x08000212   0x00000000   Code   RO         4820    .ARM.Collect$$libinit$$00000004  c_w.l(libinit2.o)
    0x08000212   0x08000212   0x00000000   Code   RO         4823    .ARM.Collect$$libinit$$0000000A  c_w.l(libinit2.o)
    0x08000212   0x08000212   0x00000000   Code   RO         4825    .ARM.Collect$$libinit$$0000000C  c_w.l(libinit2.o)
    0x08000212   0x08000212   0x00000000   Code   RO         4827    .ARM.Collect$$libinit$$0000000E  c_w.l(libinit2.o)
    0x08000212   0x08000212   0x00000000   Code   RO         4830    .ARM.Collect$$libinit$$00000011  c_w.l(libinit2.o)
    0x08000212   0x08000212   0x00000000   Code   RO         4832    .ARM.Collect$$libinit$$00000013  c_w.l(libinit2.o)
    0x08000212   0x08000212   0x00000000   Code   RO         4834    .ARM.Collect$$libinit$$00000015  c_w.l(libinit2.o)
    0x08000212   0x08000212   0x00000000   Code   RO         4836    .ARM.Collect$$libinit$$00000017  c_w.l(libinit2.o)
    0x08000212   0x08000212   0x00000000   Code   RO         4838    .ARM.Collect$$libinit$$00000019  c_w.l(libinit2.o)
    0x08000212   0x08000212   0x00000000   Code   RO         4840    .ARM.Collect$$libinit$$0000001B  c_w.l(libinit2.o)
    0x08000212   0x08000212   0x00000000   Code   RO         4842    .ARM.Collect$$libinit$$0000001D  c_w.l(libinit2.o)
    0x08000212   0x08000212   0x00000000   Code   RO         4844    .ARM.Collect$$libinit$$0000001F  c_w.l(libinit2.o)
    0x08000212   0x08000212   0x00000000   Code   RO         4846    .ARM.Collect$$libinit$$00000021  c_w.l(libinit2.o)
    0x08000212   0x08000212   0x00000000   Code   RO         4848    .ARM.Collect$$libinit$$00000023  c_w.l(libinit2.o)
    0x08000212   0x08000212   0x00000000   Code   RO         4850    .ARM.Collect$$libinit$$00000025  c_w.l(libinit2.o)
    0x08000212   0x08000212   0x00000000   Code   RO         4854    .ARM.Collect$$libinit$$0000002C  c_w.l(libinit2.o)
    0x08000212   0x08000212   0x00000000   Code   RO         4856    .ARM.Collect$$libinit$$0000002E  c_w.l(libinit2.o)
    0x08000212   0x08000212   0x00000000   Code   RO         4858    .ARM.Collect$$libinit$$00000030  c_w.l(libinit2.o)
    0x08000212   0x08000212   0x00000000   Code   RO         4860    .ARM.Collect$$libinit$$00000032  c_w.l(libinit2.o)
    0x08000212   0x08000212   0x00000002   Code   RO         4861    .ARM.Collect$$libinit$$00000033  c_w.l(libinit2.o)
    0x08000214   0x08000214   0x00000002   Code   RO         4892    .ARM.Collect$$libshutdown$$00000000  c_w.l(libshutdown.o)
    0x08000216   0x08000216   0x00000000   Code   RO         4918    .ARM.Collect$$libshutdown$$00000002  c_w.l(libshutdown2.o)
    0x08000216   0x08000216   0x00000000   Code   RO         4920    .ARM.Collect$$libshutdown$$00000004  c_w.l(libshutdown2.o)
    0x08000216   0x08000216   0x00000000   Code   RO         4923    .ARM.Collect$$libshutdown$$00000007  c_w.l(libshutdown2.o)
    0x08000216   0x08000216   0x00000000   Code   RO         4926    .ARM.Collect$$libshutdown$$0000000A  c_w.l(libshutdown2.o)
    0x08000216   0x08000216   0x00000000   Code   RO         4928    .ARM.Collect$$libshutdown$$0000000C  c_w.l(libshutdown2.o)
    0x08000216   0x08000216   0x00000000   Code   RO         4931    .ARM.Collect$$libshutdown$$0000000F  c_w.l(libshutdown2.o)
    0x08000216   0x08000216   0x00000002   Code   RO         4932    .ARM.Collect$$libshutdown$$00000010  c_w.l(libshutdown2.o)
    0x08000218   0x08000218   0x00000000   Code   RO         4722    .ARM.Collect$$rtentry$$00000000  c_w.l(__rtentry.o)
    0x08000218   0x08000218   0x00000000   Code   RO         4767    .ARM.Collect$$rtentry$$00000002  c_w.l(__rtentry2.o)
    0x08000218   0x08000218   0x00000006   Code   RO         4779    .ARM.Collect$$rtentry$$00000004  c_w.l(__rtentry4.o)
    0x0800021e   0x0800021e   0x00000000   Code   RO         4769    .ARM.Collect$$rtentry$$00000009  c_w.l(__rtentry2.o)
    0x0800021e   0x0800021e   0x00000004   Code   RO         4770    .ARM.Collect$$rtentry$$0000000A  c_w.l(__rtentry2.o)
    0x08000222   0x08000222   0x00000000   Code   RO         4772    .ARM.Collect$$rtentry$$0000000C  c_w.l(__rtentry2.o)
    0x08000222   0x08000222   0x00000008   Code   RO         4773    .ARM.Collect$$rtentry$$0000000D  c_w.l(__rtentry2.o)
    0x0800022a   0x0800022a   0x00000002   Code   RO         4809    .ARM.Collect$$rtexit$$00000000  c_w.l(rtexit.o)
    0x0800022c   0x0800022c   0x00000000   Code   RO         4865    .ARM.Collect$$rtexit$$00000002  c_w.l(rtexit2.o)
    0x0800022c   0x0800022c   0x00000004   Code   RO         4866    .ARM.Collect$$rtexit$$00000003  c_w.l(rtexit2.o)
    0x08000230   0x08000230   0x00000006   Code   RO         4867    .ARM.Collect$$rtexit$$00000004  c_w.l(rtexit2.o)
    0x08000236   0x08000236   0x00000002   PAD
    0x08000238   0x08000238   0x00000040   Code   RO            4    .text               startup_stm32f411xe.o
    0x08000278   0x08000278   0x000000ee   Code   RO         4664    .text               c_w.l(lludivv7m.o)
    0x08000366   0x08000366   0x00000058   Code   RO         4668    .text               c_w.l(memcmp.o)
    0x080003be   0x080003be   0x00000048   Code   RO         4670    .text               c_w.l(strcpy.o)
    0x08000406   0x08000406   0x0000008a   Code   RO         4674    .text               c_w.l(rt_memcpy_v6.o)
    0x08000490   0x08000490   0x00000010   Code   RO         4676    .text               c_w.l(aeabi_memset.o)
    0x080004a0   0x080004a0   0x00000044   Code   RO         4678    .text               c_w.l(rt_memclr.o)
    0x080004e4   0x080004e4   0x0000004e   Code   RO         4680    .text               c_w.l(rt_memclr_w.o)
    0x08000532   0x08000532   0x00000002   PAD
    0x08000534   0x08000534   0x00000080   Code   RO         4682    .text               c_w.l(strcmpv7m.o)
    0x080005b4   0x080005b4   0x00000006   Code   RO         4684    .text               c_w.l(heapauxi.o)
    0x080005ba   0x080005ba   0x00000016   Code   RO         4727    .text               c_w.l(_rserrno.o)
    0x080005d0   0x080005d0   0x00000064   Code   RO         4729    .text               c_w.l(rt_memcpy_w.o)
    0x08000634   0x08000634   0x00000008   Code   RO         4786    .text               c_w.l(rt_errno_addr_intlibspace.o)
    0x0800063c   0x0800063c   0x00000008   Code   RO         4792    .text               c_w.l(libspace.o)
    0x08000644   0x08000644   0x0000004a   Code   RO         4795    .text               c_w.l(sys_stackheap_outer.o)
    0x0800068e   0x0800068e   0x00000012   Code   RO         4797    .text               c_w.l(exit.o)
    0x080006a0   0x080006a0   0x0000000c   Code   RO         4862    .text               c_w.l(sys_exit.o)
    0x080006ac   0x080006ac   0x00000002   Code   RO         4881    .text               c_w.l(use_no_semi.o)
    0x080006ae   0x080006ae   0x00000000   Code   RO         4883    .text               c_w.l(indicate_semi.o)
    0x080006ae   0x080006ae   0x00000004   Code   RO          260    i.BusFault_Handler  stm32f4xx_it.o
    0x080006b2   0x080006b2   0x00000002   PAD
    0x080006b4   0x080006b4   0x00000010   Code   RO          261    i.DMA2_Stream1_IRQHandler  stm32f4xx_it.o
    0x080006c4   0x080006c4   0x00000010   Code   RO          262    i.DMA2_Stream2_IRQHandler  stm32f4xx_it.o
    0x080006d4   0x080006d4   0x00000010   Code   RO          263    i.DMA2_Stream6_IRQHandler  stm32f4xx_it.o
    0x080006e4   0x080006e4   0x00000010   Code   RO          264    i.DMA2_Stream7_IRQHandler  stm32f4xx_it.o
    0x080006f4   0x080006f4   0x00000034   Code   RO         1542    i.DMA_CalcBaseAndBitshift  stm32f4xx_hal_dma.o
    0x08000728   0x08000728   0x000000aa   Code   RO         1543    i.DMA_CheckFifoParam  stm32f4xx_hal_dma.o
    0x080007d2   0x080007d2   0x0000002c   Code   RO         1544    i.DMA_SetConfig     stm32f4xx_hal_dma.o
    0x080007fe   0x080007fe   0x00000002   Code   RO          265    i.DebugMon_Handler  stm32f4xx_it.o
    0x08000800   0x08000800   0x0000000c   Code   RO          266    i.EXTI15_10_IRQHandler  stm32f4xx_it.o
    0x0800080c   0x0800080c   0x00000006   Code   RO           13    i.Error_Handler     main.o
    0x08000812   0x08000812   0x0000002c   Code   RO         4605    i.Fifo_Is_Empty     lx-16a.o
    0x0800083e   0x0800083e   0x0000002e   Code   RO         4606    i.Fifo_Is_Full      lx-16a.o
    0x0800086c   0x0800086c   0x00000042   Code   RO         4607    i.Fifo_Read         lx-16a.o
    0x080008ae   0x080008ae   0x00000042   Code   RO         4608    i.Fifo_Write        lx-16a.o
    0x080008f0   0x080008f0   0x000000ac   Code   RO         1545    i.HAL_DMA_Abort     stm32f4xx_hal_dma.o
    0x0800099c   0x0800099c   0x00000028   Code   RO         1546    i.HAL_DMA_Abort_IT  stm32f4xx_hal_dma.o
    0x080009c4   0x080009c4   0x00000240   Code   RO         1550    i.HAL_DMA_IRQHandler  stm32f4xx_hal_dma.o
    0x08000c04   0x08000c04   0x000000ec   Code   RO         1551    i.HAL_DMA_Init      stm32f4xx_hal_dma.o
    0x08000cf0   0x08000cf0   0x00000092   Code   RO         1555    i.HAL_DMA_Start_IT  stm32f4xx_hal_dma.o
    0x08000d82   0x08000d82   0x00000002   PAD
    0x08000d84   0x08000d84   0x00000028   Code   RO         2011    i.HAL_Delay         stm32f4xx_hal.o
    0x08000dac   0x08000dac   0x00000014   Code   RO           14    i.HAL_GPIO_EXTI_Callback  main.o
    0x08000dc0   0x08000dc0   0x0000001c   Code   RO         1437    i.HAL_GPIO_EXTI_IRQHandler  stm32f4xx_hal_gpio.o
    0x08000ddc   0x08000ddc   0x000001c8   Code   RO         1438    i.HAL_GPIO_Init     stm32f4xx_hal_gpio.o
    0x08000fa4   0x08000fa4   0x00000010   Code   RO         1440    i.HAL_GPIO_ReadPin  stm32f4xx_hal_gpio.o
    0x08000fb4   0x08000fb4   0x00000014   Code   RO         1441    i.HAL_GPIO_TogglePin  stm32f4xx_hal_gpio.o
    0x08000fc8   0x08000fc8   0x0000000c   Code   RO         1442    i.HAL_GPIO_WritePin  stm32f4xx_hal_gpio.o
    0x08000fd4   0x08000fd4   0x0000000c   Code   RO         2017    i.HAL_GetTick       stm32f4xx_hal.o
    0x08000fe0   0x08000fe0   0x000001d0   Code   RO          478    i.HAL_I2C_Init      stm32f4xx_hal_i2c.o
    0x080011b0   0x080011b0   0x00000308   Code   RO          496    i.HAL_I2C_Mem_Read  stm32f4xx_hal_i2c.o
    0x080014b8   0x080014b8   0x00000164   Code   RO          499    i.HAL_I2C_Mem_Write  stm32f4xx_hal_i2c.o
    0x0800161c   0x0800161c   0x00000088   Code   RO          407    i.HAL_I2C_MspInit   stm32f4xx_hal_msp.o
    0x080016a4   0x080016a4   0x00000062   Code   RO         2262    i.HAL_IWDG_Init     stm32f4xx_hal_iwdg.o
    0x08001706   0x08001706   0x0000000e   Code   RO         2263    i.HAL_IWDG_Refresh  stm32f4xx_hal_iwdg.o
    0x08001714   0x08001714   0x00000018   Code   RO         2023    i.HAL_IncTick       stm32f4xx_hal.o
    0x0800172c   0x0800172c   0x0000003c   Code   RO         2024    i.HAL_Init          stm32f4xx_hal.o
    0x08001768   0x08001768   0x0000004c   Code   RO         2025    i.HAL_InitTick      stm32f4xx_hal.o
    0x080017b4   0x080017b4   0x00000048   Code   RO          408    i.HAL_MspInit       stm32f4xx_hal_msp.o
    0x080017fc   0x080017fc   0x00000028   Code   RO         1854    i.HAL_NVIC_EnableIRQ  stm32f4xx_hal_cortex.o
    0x08001824   0x08001824   0x0000007c   Code   RO         1860    i.HAL_NVIC_SetPriority  stm32f4xx_hal_cortex.o
    0x080018a0   0x080018a0   0x00000028   Code   RO         1861    i.HAL_NVIC_SetPriorityGrouping  stm32f4xx_hal_cortex.o
    0x080018c8   0x080018c8   0x00000184   Code   RO          975    i.HAL_RCC_ClockConfig  stm32f4xx_hal_rcc.o
    0x08001a4c   0x08001a4c   0x0000000c   Code   RO          980    i.HAL_RCC_GetHCLKFreq  stm32f4xx_hal_rcc.o
    0x08001a58   0x08001a58   0x00000020   Code   RO          982    i.HAL_RCC_GetPCLK1Freq  stm32f4xx_hal_rcc.o
    0x08001a78   0x08001a78   0x00000020   Code   RO          983    i.HAL_RCC_GetPCLK2Freq  stm32f4xx_hal_rcc.o
    0x08001a98   0x08001a98   0x000000b0   Code   RO          984    i.HAL_RCC_GetSysClockFreq  stm32f4xx_hal_rcc.o
    0x08001b48   0x08001b48   0x0000049c   Code   RO          987    i.HAL_RCC_OscConfig  stm32f4xx_hal_rcc.o
    0x08001fe4   0x08001fe4   0x00000034   Code   RO         1865    i.HAL_SYSTICK_Config  stm32f4xx_hal_cortex.o
    0x08002018   0x08002018   0x00000002   Code   RO         3009    i.HAL_TIMEx_BreakCallback  stm32f4xx_hal_tim_ex.o
    0x0800201a   0x0800201a   0x00000002   Code   RO         3010    i.HAL_TIMEx_CommutCallback  stm32f4xx_hal_tim_ex.o
    0x0800201c   0x0800201c   0x0000009c   Code   RO         3028    i.HAL_TIMEx_MasterConfigSynchronization  stm32f4xx_hal_tim_ex.o
    0x080020b8   0x080020b8   0x00000066   Code   RO         2294    i.HAL_TIM_Base_Init  stm32f4xx_hal_tim.o
    0x0800211e   0x0800211e   0x00000002   PAD
    0x08002120   0x08002120   0x00000108   Code   RO          410    i.HAL_TIM_Base_MspInit  stm32f4xx_hal_msp.o
    0x08002228   0x08002228   0x00000090   Code   RO         2299    i.HAL_TIM_Base_Start_IT  stm32f4xx_hal_tim.o
    0x080022b8   0x080022b8   0x0000010c   Code   RO         2303    i.HAL_TIM_ConfigClockSource  stm32f4xx_hal_tim.o
    0x080023c4   0x080023c4   0x00000002   Code   RO         2328    i.HAL_TIM_IC_CaptureCallback  stm32f4xx_hal_tim.o
    0x080023c6   0x080023c6   0x0000016c   Code   RO         2342    i.HAL_TIM_IRQHandler  stm32f4xx_hal_tim.o
    0x08002532   0x08002532   0x00000002   Code   RO         2345    i.HAL_TIM_OC_DelayElapsedCallback  stm32f4xx_hal_tim.o
    0x08002534   0x08002534   0x00000002   Code   RO         2372    i.HAL_TIM_PWM_PulseFinishedCallback  stm32f4xx_hal_tim.o
    0x08002536   0x08002536   0x00000002   PAD
    0x08002538   0x08002538   0x00000078   Code   RO           15    i.HAL_TIM_PeriodElapsedCallback  main.o
    0x080025b0   0x080025b0   0x00000002   Code   RO         2385    i.HAL_TIM_TriggerCallback  stm32f4xx_hal_tim.o
    0x080025b2   0x080025b2   0x00000070   Code   RO         3286    i.HAL_UARTEx_ReceiveToIdle_DMA  stm32f4xx_hal_uart.o
    0x08002622   0x08002622   0x00000002   PAD
    0x08002624   0x08002624   0x00000034   Code   RO           16    i.HAL_UARTEx_RxEventCallback  main.o
    0x08002658   0x08002658   0x00000002   Code   RO         3302    i.HAL_UART_ErrorCallback  stm32f4xx_hal_uart.o
    0x0800265a   0x0800265a   0x00000002   PAD
    0x0800265c   0x0800265c   0x00000308   Code   RO         3305    i.HAL_UART_IRQHandler  stm32f4xx_hal_uart.o
    0x08002964   0x08002964   0x00000076   Code   RO         3306    i.HAL_UART_Init     stm32f4xx_hal_uart.o
    0x080029da   0x080029da   0x00000002   PAD
    0x080029dc   0x080029dc   0x0000022c   Code   RO          412    i.HAL_UART_MspInit  stm32f4xx_hal_msp.o
    0x08002c08   0x08002c08   0x00000002   Code   RO         3312    i.HAL_UART_RxCpltCallback  stm32f4xx_hal_uart.o
    0x08002c0a   0x08002c0a   0x00000002   Code   RO         3313    i.HAL_UART_RxHalfCpltCallback  stm32f4xx_hal_uart.o
    0x08002c0c   0x08002c0c   0x0000009c   Code   RO         3315    i.HAL_UART_Transmit_DMA  stm32f4xx_hal_uart.o
    0x08002ca8   0x08002ca8   0x00000034   Code   RO           17    i.HAL_UART_TxCpltCallback  main.o
    0x08002cdc   0x08002cdc   0x00000002   Code   RO         3318    i.HAL_UART_TxHalfCpltCallback  stm32f4xx_hal_uart.o
    0x08002cde   0x08002cde   0x00000004   Code   RO          267    i.HardFault_Handler  stm32f4xx_it.o
    0x08002ce2   0x08002ce2   0x0000003e   Code   RO          522    i.I2C_IsAcknowledgeFailed  stm32f4xx_hal_i2c.o
    0x08002d20   0x08002d20   0x00000160   Code   RO          533    i.I2C_RequestMemoryRead  stm32f4xx_hal_i2c.o
    0x08002e80   0x08002e80   0x000000e0   Code   RO          534    i.I2C_RequestMemoryWrite  stm32f4xx_hal_i2c.o
    0x08002f60   0x08002f60   0x00000066   Code   RO          542    i.I2C_WaitOnBTFFlagUntilTimeout  stm32f4xx_hal_i2c.o
    0x08002fc6   0x08002fc6   0x000000be   Code   RO          543    i.I2C_WaitOnFlagUntilTimeout  stm32f4xx_hal_i2c.o
    0x08003084   0x08003084   0x000000fa   Code   RO          544    i.I2C_WaitOnMasterAddressFlagUntilTimeout  stm32f4xx_hal_i2c.o
    0x0800317e   0x0800317e   0x0000008a   Code   RO          545    i.I2C_WaitOnRXNEFlagUntilTimeout  stm32f4xx_hal_i2c.o
    0x08003208   0x08003208   0x00000066   Code   RO          548    i.I2C_WaitOnTXEFlagUntilTimeout  stm32f4xx_hal_i2c.o
    0x0800326e   0x0800326e   0x00000002   PAD
    0x08003270   0x08003270   0x00000010   Code   RO         4470    i.Left_MoveAside    single_action.o
    0x08003280   0x08003280   0x00000010   Code   RO         4471    i.Left_Step_Backward  single_action.o
    0x08003290   0x08003290   0x00000010   Code   RO         4472    i.Left_Step_Forward  single_action.o
    0x080032a0   0x080032a0   0x00000154   Code   RO         4443    i.MPU6050_DMP_GetEuler  mpu6050_dmp.o
    0x080033f4   0x080033f4   0x00000050   Code   RO         4444    i.MPU6050_DMP_GetQuaternion  mpu6050_dmp.o
    0x08003444   0x08003444   0x00000062   Code   RO         4445    i.MPU6050_DMP_Init  mpu6050_dmp.o
    0x080034a6   0x080034a6   0x00000002   PAD
    0x080034a8   0x080034a8   0x00000030   Code   RO         3894    i.MPU6050_I2C_ReadRegister  inv_mpu.o
    0x080034d8   0x080034d8   0x00000030   Code   RO         3895    i.MPU6050_I2C_WriteRegister  inv_mpu.o
    0x08003508   0x08003508   0x00000068   Code   RO           18    i.MX_DMA_Init       main.o
    0x08003570   0x08003570   0x000000f8   Code   RO           19    i.MX_GPIO_Init      main.o
    0x08003668   0x08003668   0x0000003c   Code   RO           20    i.MX_I2C1_Init      main.o
    0x080036a4   0x080036a4   0x00000028   Code   RO           21    i.MX_IWDG_Init      main.o
    0x080036cc   0x080036cc   0x00000034   Code   RO           22    i.MX_TIM10_Init     main.o
    0x08003700   0x08003700   0x00000034   Code   RO           23    i.MX_TIM11_Init     main.o
    0x08003734   0x08003734   0x00000070   Code   RO           24    i.MX_TIM4_Init      main.o
    0x080037a4   0x080037a4   0x0000006c   Code   RO           25    i.MX_TIM5_Init      main.o
    0x08003810   0x08003810   0x00000038   Code   RO           26    i.MX_USART1_UART_Init  main.o
    0x08003848   0x08003848   0x00000038   Code   RO           27    i.MX_USART6_UART_Init  main.o
    0x08003880   0x08003880   0x00000004   Code   RO          268    i.MemManage_Handler  stm32f4xx_it.o
    0x08003884   0x08003884   0x0000012c   Code   RO         4553    i.Move_Action       task.o
    0x080039b0   0x080039b0   0x00000004   Code   RO          269    i.NMI_Handler       stm32f4xx_it.o
    0x080039b4   0x080039b4   0x00000002   Code   RO          270    i.PendSV_Handler    stm32f4xx_it.o
    0x080039b6   0x080039b6   0x00000002   PAD
    0x080039b8   0x080039b8   0x00000010   Code   RO         4473    i.Reset_Whole       single_action.o
    0x080039c8   0x080039c8   0x00000010   Code   RO         4474    i.Right_MoveAside   single_action.o
    0x080039d8   0x080039d8   0x00000010   Code   RO         4475    i.Right_Step_Backward  single_action.o
    0x080039e8   0x080039e8   0x00000010   Code   RO         4476    i.Right_Step_Forward  single_action.o
    0x080039f8   0x080039f8   0x00000008   Code   RO         3690    i.SEGGER_RTT_Init   segger_rtt.o
    0x08003a00   0x08003a00   0x00000048   Code   RO         3698    i.SEGGER_RTT_Write  segger_rtt.o
    0x08003a48   0x08003a48   0x00000084   Code   RO         3699    i.SEGGER_RTT_WriteNoLock  segger_rtt.o
    0x08003acc   0x08003acc   0x00000022   Code   RO         3847    i.SEGGER_RTT_printf  segger_rtt_printf.o
    0x08003aee   0x08003aee   0x0000020a   Code   RO         3848    i.SEGGER_RTT_vprintf  segger_rtt_printf.o
    0x08003cf8   0x08003cf8   0x00000002   Code   RO          271    i.SVC_Handler       stm32f4xx_it.o
    0x08003cfa   0x08003cfa   0x00000002   PAD
    0x08003cfc   0x08003cfc   0x0000008c   Code   RO         4610    i.Servo_Write       lx-16a.o
    0x08003d88   0x08003d88   0x00000094   Code   RO         4477    i.Set_Move_Flag     single_action.o
    0x08003e1c   0x08003e1c   0x00000068   Code   RO         4478    i.Single_Action     single_action.o
    0x08003e84   0x08003e84   0x00000008   Code   RO          272    i.SysTick_Handler   stm32f4xx_it.o
    0x08003e8c   0x08003e8c   0x000000b8   Code   RO           28    i.SystemClock_Config  main.o
    0x08003f44   0x08003f44   0x00000014   Code   RO         3650    i.SystemInit        system_stm32f4xx.o
    0x08003f58   0x08003f58   0x00000010   Code   RO          273    i.TIM1_TRG_COM_TIM11_IRQHandler  stm32f4xx_it.o
    0x08003f68   0x08003f68   0x00000010   Code   RO          274    i.TIM1_UP_TIM10_IRQHandler  stm32f4xx_it.o
    0x08003f78   0x08003f78   0x00000010   Code   RO          275    i.TIM4_IRQHandler   stm32f4xx_it.o
    0x08003f88   0x08003f88   0x00000010   Code   RO          276    i.TIM5_IRQHandler   stm32f4xx_it.o
    0x08003f98   0x08003f98   0x000000ac   Code   RO         2387    i.TIM_Base_SetConfig  stm32f4xx_hal_tim.o
    0x08004044   0x08004044   0x00000016   Code   RO         2398    i.TIM_ETR_SetConfig  stm32f4xx_hal_tim.o
    0x0800405a   0x0800405a   0x00000012   Code   RO         2399    i.TIM_ITRx_SetConfig  stm32f4xx_hal_tim.o
    0x0800406c   0x0800406c   0x00000026   Code   RO         2405    i.TIM_TI1_ConfigInputStage  stm32f4xx_hal_tim.o
    0x08004092   0x08004092   0x00000028   Code   RO         2407    i.TIM_TI2_ConfigInputStage  stm32f4xx_hal_tim.o
    0x080040ba   0x080040ba   0x00000032   Code   RO         4479    i.Take_Action       single_action.o
    0x080040ec   0x080040ec   0x00000012   Code   RO         3319    i.UART_DMAAbortOnError  stm32f4xx_hal_uart.o
    0x080040fe   0x080040fe   0x00000050   Code   RO         3320    i.UART_DMAError     stm32f4xx_hal_uart.o
    0x0800414e   0x0800414e   0x000000b4   Code   RO         3321    i.UART_DMAReceiveCplt  stm32f4xx_hal_uart.o
    0x08004202   0x08004202   0x00000024   Code   RO         3323    i.UART_DMARxHalfCplt  stm32f4xx_hal_uart.o
    0x08004226   0x08004226   0x00000058   Code   RO         3325    i.UART_DMATransmitCplt  stm32f4xx_hal_uart.o
    0x0800427e   0x0800427e   0x0000000e   Code   RO         3327    i.UART_DMATxHalfCplt  stm32f4xx_hal_uart.o
    0x0800428c   0x0800428c   0x0000006c   Code   RO         3329    i.UART_EndRxTransfer  stm32f4xx_hal_uart.o
    0x080042f8   0x080042f8   0x00000020   Code   RO         3330    i.UART_EndTransmit_IT  stm32f4xx_hal_uart.o
    0x08004318   0x08004318   0x00000026   Code   RO         3331    i.UART_EndTxTransfer  stm32f4xx_hal_uart.o
    0x0800433e   0x0800433e   0x000000fc   Code   RO         3332    i.UART_Receive_IT   stm32f4xx_hal_uart.o
    0x0800443a   0x0800443a   0x00000002   PAD
    0x0800443c   0x0800443c   0x0000022c   Code   RO         3333    i.UART_SetConfig    stm32f4xx_hal_uart.o
    0x08004668   0x08004668   0x000000d8   Code   RO         3334    i.UART_Start_Receive_DMA  stm32f4xx_hal_uart.o
    0x08004740   0x08004740   0x00000060   Code   RO         3336    i.UART_Transmit_IT  stm32f4xx_hal_uart.o
    0x080047a0   0x080047a0   0x00000010   Code   RO          277    i.USART1_IRQHandler  stm32f4xx_it.o
    0x080047b0   0x080047b0   0x00000010   Code   RO          278    i.USART6_IRQHandler  stm32f4xx_it.o
    0x080047c0   0x080047c0   0x00000004   Code   RO          279    i.UsageFault_Handler  stm32f4xx_it.o
    0x080047c4   0x080047c4   0x00000080   Code   RO         3703    i._DoInit           segger_rtt.o
    0x08004844   0x08004844   0x0000001c   Code   RO         3704    i._GetAvailWriteSpace  segger_rtt.o
    0x08004860   0x08004860   0x000000ec   Code   RO         3849    i._PrintInt         segger_rtt_printf.o
    0x0800494c   0x0800494c   0x000000ec   Code   RO         3850    i._PrintUnsigned    segger_rtt_printf.o
    0x08004a38   0x08004a38   0x00000044   Code   RO         3851    i._StoreChar        segger_rtt_printf.o
    0x08004a7c   0x08004a7c   0x00000072   Code   RO         3706    i._WriteBlocking    segger_rtt.o
    0x08004aee   0x08004aee   0x0000004c   Code   RO         3707    i._WriteNoCheck     segger_rtt.o
    0x08004b3a   0x08004b3a   0x00000026   Code   RO         4738    i.__ARM_fpclassifyf  m_wm.l(fpclassifyf.o)
    0x08004b60   0x08004b60   0x00000010   Code   RO         1867    i.__NVIC_GetPriorityGrouping  stm32f4xx_hal_cortex.o
    0x08004b70   0x08004b70   0x00000028   Code   RO         1868    i.__NVIC_SetPriority  stm32f4xx_hal_cortex.o
    0x08004b98   0x08004b98   0x0000012c   Code   RO         4692    i.__hardfp_asinf    m_wm.l(asinf.o)
    0x08004cc4   0x08004cc4   0x00000250   Code   RO         4704    i.__hardfp_atan2f   m_wm.l(atan2f.o)
    0x08004f14   0x08004f14   0x00000006   Code   RO         4741    i.__mathlib_flt_infnan  m_wm.l(funder.o)
    0x08004f1a   0x08004f1a   0x00000006   Code   RO         4742    i.__mathlib_flt_infnan2  m_wm.l(funder.o)
    0x08004f20   0x08004f20   0x00000010   Code   RO         4743    i.__mathlib_flt_invalid  m_wm.l(funder.o)
    0x08004f30   0x08004f30   0x00000010   Code   RO         4746    i.__mathlib_flt_underflow  m_wm.l(funder.o)
    0x08004f40   0x08004f40   0x00000064   Code   RO         4245    i.decode_gesture    inv_mpu_dmp_motion_driver.o
    0x08004fa4   0x08004fa4   0x0000003c   Code   RO         4246    i.dmp_enable_6x_lp_quat  inv_mpu_dmp_motion_driver.o
    0x08004fe0   0x08004fe0   0x0000021c   Code   RO         4247    i.dmp_enable_feature  inv_mpu_dmp_motion_driver.o
    0x080051fc   0x080051fc   0x00000058   Code   RO         4248    i.dmp_enable_gyro_cal  inv_mpu_dmp_motion_driver.o
    0x08005254   0x08005254   0x0000003c   Code   RO         4249    i.dmp_enable_lp_quat  inv_mpu_dmp_motion_driver.o
    0x08005290   0x08005290   0x00000018   Code   RO         4254    i.dmp_load_motion_driver_firmware  inv_mpu_dmp_motion_driver.o
    0x080052a8   0x080052a8   0x000001d4   Code   RO         4255    i.dmp_read_fifo     inv_mpu_dmp_motion_driver.o
    0x0800547c   0x0800547c   0x00000070   Code   RO         4259    i.dmp_set_fifo_rate  inv_mpu_dmp_motion_driver.o
    0x080054ec   0x080054ec   0x0000005c   Code   RO         4261    i.dmp_set_interrupt_mode  inv_mpu_dmp_motion_driver.o
    0x08005548   0x08005548   0x00000038   Code   RO         4265    i.dmp_set_shake_reject_thresh  inv_mpu_dmp_motion_driver.o
    0x08005580   0x08005580   0x00000026   Code   RO         4266    i.dmp_set_shake_reject_time  inv_mpu_dmp_motion_driver.o
    0x080055a6   0x080055a6   0x00000026   Code   RO         4267    i.dmp_set_shake_reject_timeout  inv_mpu_dmp_motion_driver.o
    0x080055cc   0x080055cc   0x00000046   Code   RO         4268    i.dmp_set_tap_axes  inv_mpu_dmp_motion_driver.o
    0x08005612   0x08005612   0x00000026   Code   RO         4269    i.dmp_set_tap_count  inv_mpu_dmp_motion_driver.o
    0x08005638   0x08005638   0x000001c0   Code   RO         4270    i.dmp_set_tap_thresh  inv_mpu_dmp_motion_driver.o
    0x080057f8   0x080057f8   0x00000026   Code   RO         4271    i.dmp_set_tap_time  inv_mpu_dmp_motion_driver.o
    0x0800581e   0x0800581e   0x00000026   Code   RO         4272    i.dmp_set_tap_time_multi  inv_mpu_dmp_motion_driver.o
    0x08005844   0x08005844   0x0000030c   Code   RO           29    i.main              main.o
    0x08005b50   0x08005b50   0x00000070   Code   RO         3900    i.mpu_configure_fifo  inv_mpu.o
    0x08005bc0   0x08005bc0   0x0000004c   Code   RO         3901    i.mpu_get_accel_fsr  inv_mpu.o
    0x08005c0c   0x08005c0c   0x000000fc   Code   RO         3917    i.mpu_init          inv_mpu.o
    0x08005d08   0x08005d08   0x000000b8   Code   RO         3918    i.mpu_load_firmware  inv_mpu.o
    0x08005dc0   0x08005dc0   0x000000d4   Code   RO         3919    i.mpu_lp_accel_mode  inv_mpu.o
    0x08005e94   0x08005e94   0x000000c0   Code   RO         3925    i.mpu_read_fifo_stream  inv_mpu.o
    0x08005f54   0x08005f54   0x00000080   Code   RO         3926    i.mpu_read_mem      inv_mpu.o
    0x08005fd4   0x08005fd4   0x000001c8   Code   RO         3929    i.mpu_reset_fifo    inv_mpu.o
    0x0800619c   0x0800619c   0x00000084   Code   RO         3933    i.mpu_set_accel_fsr  inv_mpu.o
    0x08006220   0x08006220   0x0000014c   Code   RO         3934    i.mpu_set_bypass    inv_mpu.o
    0x0800636c   0x0800636c   0x00000090   Code   RO         3936    i.mpu_set_dmp_state  inv_mpu.o
    0x080063fc   0x080063fc   0x00000088   Code   RO         3938    i.mpu_set_gyro_fsr  inv_mpu.o
    0x08006484   0x08006484   0x0000006c   Code   RO         3939    i.mpu_set_int_latched  inv_mpu.o
    0x080064f0   0x080064f0   0x00000010   Code   RO         3940    i.mpu_set_int_level  inv_mpu.o
    0x08006500   0x08006500   0x00000084   Code   RO         3941    i.mpu_set_lpf       inv_mpu.o
    0x08006584   0x08006584   0x0000009c   Code   RO         3942    i.mpu_set_sample_rate  inv_mpu.o
    0x08006620   0x08006620   0x000000d0   Code   RO         3943    i.mpu_set_sensors   inv_mpu.o
    0x080066f0   0x080066f0   0x00000080   Code   RO         3944    i.mpu_write_mem     inv_mpu.o
    0x08006770   0x08006770   0x00000090   Code   RO         3945    i.set_int_enable    inv_mpu.o
    0x08006800   0x08006800   0x0000003e   Code   RO         4756    i.sqrtf             m_wm.l(sqrtf.o)
    0x0800683e   0x0800683e   0x0000000a   Code   RO         4877    x$fpl$fpinit        fz_wm.l(fpinit.o)
    0x08006848   0x08006848   0x00000000   Code   RO         4737    x$fpl$usenofp       fz_wm.l(usenofp.o)
    0x08006848   0x08006848   0x00000008   Data   RO         1557    .constdata          stm32f4xx_hal_dma.o
    0x08006850   0x08006850   0x00000018   Data   RO         3651    .constdata          system_stm32f4xx.o
    0x08006868   0x08006868   0x00000010   Data   RO         3852    .constdata          segger_rtt_printf.o
    0x08006878   0x08006878   0x00000054   Data   RO         3946    .constdata          inv_mpu.o
    0x080068cc   0x080068cc   0x00000bf6   Data   RO         4274    .constdata          inv_mpu_dmp_motion_driver.o
    0x080074c2   0x080074c2   0x00000002   PAD
    0x080074c4   0x080074c4   0x00000444   Data   RO         4480    .constdata          single_action.o
    0x08007908   0x08007908   0x00000001   Data   RO         4554    .constdata          task.o
    0x08007909   0x08007909   0x00000003   PAD
    0x0800790c   0x0800790c   0x00000020   Data   RO         4933    Region$$Table       anon$$obj.o


    Execution Region RW_IRAM1 (Exec base: 0x20000000, Load base: 0x0800792c, Size: 0x00001510, Max: 0x00020000, ABSOLUTE)

    Exec Addr    Load Addr    Size         Type   Attr      Idx    E Section Name        Object

    0x20000000   0x0800792c   0x00000018   Data   RW           31    .data               main.o
    0x20000018   0x08007944   0x00000009   Data   RW         2031    .data               stm32f4xx_hal.o
    0x20000021   0x0800794d   0x00000003   PAD
    0x20000024   0x08007950   0x00000004   Data   RW         3652    .data               system_stm32f4xx.o
    0x20000028   0x08007954   0x0000002c   Data   RW         3947    .data               inv_mpu.o
    0x20000054   0x08007980   0x00000069   Data   RW         4555    .data               task.o
    0x200000bd   0x080079e9   0x00000003   PAD
    0x200000c0        -       0x000003ee   Zero   RW           30    .bss                main.o
    0x200004ae   0x080079e9   0x00000002   PAD
    0x200004b0        -       0x00000918   Zero   RW         3708    .bss                segger_rtt.o
    0x20000dc8        -       0x00000010   Zero   RW         4273    .bss                inv_mpu_dmp_motion_driver.o
    0x20000dd8        -       0x000000d4   Zero   RW         4611    .bss                lx-16a.o
    0x20000eac        -       0x00000060   Zero   RW         4793    .bss                c_w.l(libspace.o)
    0x20000f0c   0x080079e9   0x00000004   PAD
    0x20000f10        -       0x00000200   Zero   RW            2    HEAP                startup_stm32f411xe.o
    0x20001110        -       0x00000400   Zero   RW            1    STACK               startup_stm32f411xe.o


==============================================================================

Image component sizes


      Code (inc. data)   RO Data    RW Data    ZI Data      Debug   Object Name

      3344        112         84         44          0      20025   inv_mpu.o
      2308        130       3062          0         16      18912   inv_mpu_dmp_motion_driver.o
       362         12          0          0        212       4283   lx-16a.o
      2102        388          0         24       1006     441650   main.o
       518         18          0          0          0       3182   mpu6050_dmp.o
       558         48          0          0       2328       8472   segger_rtt.o
      1096          6         16          0          0       6333   segger_rtt_printf.o
       414         98       1092          0          0       7622   single_action.o
        64         26        408          0       1536        852   startup_stm32f411xe.o
       212         36          0          9          0       9329   stm32f4xx_hal.o
       312         22          0          0          0      34399   stm32f4xx_hal_cortex.o
      1436         16          8          0          0       7110   stm32f4xx_hal_dma.o
       532         36          0          0          0       4099   stm32f4xx_hal_gpio.o
      3016         48          0          0          0      11978   stm32f4xx_hal_i2c.o
       112          0          0          0          0       1919   stm32f4xx_hal_iwdg.o
      1028         76          0          0          0       3692   stm32f4xx_hal_msp.o
      1820         84          0          0          0       5696   stm32f4xx_hal_rcc.o
      1176         52          0          0          0       9923   stm32f4xx_hal_tim.o
       160         22          0          0          0       2557   stm32f4xx_hal_tim_ex.o
      2884         40          0          0          0      16733   stm32f4xx_hal_uart.o
       206         60          0          0          0       9952   stm32f4xx_it.o
        20          6         24          4          0       1159   system_stm32f4xx.o
       300         28          1        105          0       2115   task.o

    ----------------------------------------------------------------------
     24004       1364       4732        192       5100     631992   Object Totals
         0          0         32          0          0          0   (incl. Generated)
        24          0          5          6          2          0   (incl. Padding)

    ----------------------------------------------------------------------

      Code (inc. data)   RO Data    RW Data    ZI Data      Debug   Library Member Name

         8          0          0          0          0         68   __main.o
         0          0          0          0          0          0   __rtentry.o
        12          0          0          0          0          0   __rtentry2.o
         6          0          0          0          0          0   __rtentry4.o
        52          8          0          0          0          0   __scatter.o
        26          0          0          0          0          0   __scatter_copy.o
        28          0          0          0          0          0   __scatter_zi.o
        22          0          0          0          0        100   _rserrno.o
        16          0          0          0          0         68   aeabi_memset.o
        18          0          0          0          0         80   exit.o
         6          0          0          0          0        152   heapauxi.o
         0          0          0          0          0          0   indicate_semi.o
         2          0          0          0          0          0   libinit.o
         6          0          0          0          0          0   libinit2.o
         2          0          0          0          0          0   libshutdown.o
         2          0          0          0          0          0   libshutdown2.o
         8          4          0          0         96         68   libspace.o
       238          0          0          0          0        100   lludivv7m.o
        88          0          0          0          0         76   memcmp.o
         8          4          0          0          0         68   rt_errno_addr_intlibspace.o
        68          0          0          0          0         68   rt_memclr.o
        78          0          0          0          0         80   rt_memclr_w.o
       138          0          0          0          0         68   rt_memcpy_v6.o
       100          0          0          0          0         80   rt_memcpy_w.o
         2          0          0          0          0          0   rtexit.o
        10          0          0          0          0          0   rtexit2.o
       128          0          0          0          0         68   strcmpv7m.o
        72          0          0          0          0         80   strcpy.o
        12          4          0          0          0         68   sys_exit.o
        74          0          0          0          0         80   sys_stackheap_outer.o
         2          0          0          0          0         68   use_no_semi.o
        10          0          0          0          0        116   fpinit.o
         0          0          0          0          0          0   usenofp.o
       300         42          0          0          0        176   asinf.o
       592         90          0          0          0        184   atan2f.o
        38          0          0          0          0        116   fpclassifyf.o
        44         12          0          0          0        464   funder.o
        62          0          0          0          0        136   sqrtf.o

    ----------------------------------------------------------------------
      2284        164          0          0        100       2632   Library Totals
         6          0          0          0          4          0   (incl. Padding)

    ----------------------------------------------------------------------

      Code (inc. data)   RO Data    RW Data    ZI Data      Debug   Library Name

      1232         20          0          0         96       1440   c_w.l
        10          0          0          0          0        116   fz_wm.l
      1036        144          0          0          0       1076   m_wm.l

    ----------------------------------------------------------------------
      2284        164          0          0        100       2632   Library Totals

    ----------------------------------------------------------------------

==============================================================================


      Code (inc. data)   RO Data    RW Data    ZI Data      Debug   

     26288       1528       4732        192       5200     614696   Grand Totals
     26288       1528       4732        192       5200     614696   ELF Image Totals
     26288       1528       4732        192          0          0   ROM Totals

==============================================================================

    Total RO  Size (Code + RO Data)                31020 (  30.29kB)
    Total RW  Size (RW Data + ZI Data)              5392 (   5.27kB)
    Total ROM Size (Code + RO Data + RW Data)      31212 (  30.48kB)

==============================================================================

